{
    "spoqc ambient": {
        "content": [
            [
                [
                    "SPOQC_AMBIENT",
                    "spoqc",
                    "0.1.0"
                ]
            ]
        ],
        "timestamp": "2026-08-09T16:35:14.607143675",
        "meta": {
            "nf-test": "0.9.5",
            "nextflow": "26.04.6"
        }
    },
    "spoqc ambient stub": {
        "content": [
            [
                [
                    "SPOQC_AMBIENT",
                    "spoqc",
                    "0.1.0"
                ]
            ]
        ],
        "timestamp": "2026-08-09T16:35:43.732884944",
        "meta": {
            "nf-test": "0.9.5",
            "nextflow": "26.04.6"
        }
    }
}