{
    "spoqc annotation": {
        "content": [
            [
                [
                    "SPOQC_ANNOTATION",
                    "spoqc",
                    "0.1.0"
                ]
            ]
        ],
        "timestamp": "2026-08-12T16:18:39.786273889",
        "meta": {
            "nf-test": "0.9.5",
            "nextflow": "26.04.6"
        }
    },
    "spoqc annotation stub": {
        "content": [
            [
                [
                    "SPOQC_ANNOTATION",
                    "spoqc",
                    "0.1.0"
                ]
            ]
        ],
        "timestamp": "2026-08-12T16:19:03.283729223",
        "meta": {
            "nf-test": "0.9.5",
            "nextflow": "26.04.6"
        }
    }
}