{
    "spoqc doublet": {
        "content": [
            [
                [
                    "SPOQC_DOUBLET",
                    "spoqc",
                    "0.1.0"
                ]
            ]
        ],
        "timestamp": "2026-08-12T16:34:54.132198096",
        "meta": {
            "nf-test": "0.9.5",
            "nextflow": "26.04.6"
        }
    },
    "spoqc doublet stub": {
        "content": [
            [
                [
                    "SPOQC_DOUBLET",
                    "spoqc",
                    "0.1.0"
                ]
            ]
        ],
        "timestamp": "2026-08-12T16:35:33.879268875",
        "meta": {
            "nf-test": "0.9.5",
            "nextflow": "26.04.6"
        }
    }
}