{
    "-profile test": {
        "content": [
            {
                "PROSEG2BAYSOR": {
                    "proseg": "3.1.0"
                },
                "PROSEG": {
                    "proseg": "3.1.0"
                },
                "SPATIALDATA_MERGE_RAW_REDEFINED": {
                    "spatialdata": "0.7.2"
                },
                "SPATIALDATA_META": {
                    "spatialdata": "0.7.2"
                },
                "SPATIALDATA_WRITE_RAW_BUNDLE": {
                    "spatialdata": "0.7.2"
                },
                "SPATIALDATA_WRITE_REDEFINED_BUNDLE": {
                    "spatialdata": "0.7.2"
                },
                "UNTAR": {
                    "untar": 1.34
                },
                "Workflow": {
                    "nf-core/spatialaxe": "v1.0.1dev"
                },
                "XENIUMRANGER_IMPORTSEGMENTATION": {
                    "xeniumranger": "4.0.1.1"
                }
            },
            [
                "coordinate",
                "coordinate/multiqc",
                "coordinate/multiqc/multiqc_data",
                "coordinate/multiqc/multiqc_data/llms-full.txt",
                "coordinate/multiqc/multiqc_data/multiqc.log",
                "coordinate/multiqc/multiqc_data/multiqc.parquet",
                "coordinate/multiqc/multiqc_data/multiqc_citations.txt",
                "coordinate/multiqc/multiqc_data/multiqc_data.json",
                "coordinate/multiqc/multiqc_data/multiqc_general_stats.txt",
                "coordinate/multiqc/multiqc_data/multiqc_software_versions.txt",
                "coordinate/multiqc/multiqc_data/multiqc_sources.txt",
                "coordinate/multiqc/multiqc_data/multiqc_xenium.txt",
                "coordinate/multiqc/multiqc_data/xenium_fov_quality_ranges.txt",
                "coordinate/multiqc/multiqc_data/xenium_segmentation.txt",
                "coordinate/multiqc/multiqc_data/xenium_transcript_quality_per_sample_table.txt",
                "coordinate/multiqc/multiqc_data/xenium_transcripts_per_gene.txt",
                "coordinate/multiqc/multiqc_plots",
                "coordinate/multiqc/multiqc_plots/pdf",
                "coordinate/multiqc/multiqc_plots/pdf/xenium_fov_quality_ranges-cnt.pdf",
                "coordinate/multiqc/multiqc_plots/pdf/xenium_fov_quality_ranges-pct.pdf",
                "coordinate/multiqc/multiqc_plots/pdf/xenium_segmentation.pdf",
                "coordinate/multiqc/multiqc_plots/pdf/xenium_transcript_quality_per_sample_table.pdf",
                "coordinate/multiqc/multiqc_plots/pdf/xenium_transcripts_per_gene.pdf",
                "coordinate/multiqc/multiqc_plots/png",
                "coordinate/multiqc/multiqc_plots/png/xenium_fov_quality_ranges-cnt.png",
                "coordinate/multiqc/multiqc_plots/png/xenium_fov_quality_ranges-pct.png",
                "coordinate/multiqc/multiqc_plots/png/xenium_segmentation.png",
                "coordinate/multiqc/multiqc_plots/png/xenium_transcript_quality_per_sample_table.png",
                "coordinate/multiqc/multiqc_plots/png/xenium_transcripts_per_gene.png",
                "coordinate/multiqc/multiqc_plots/svg",
                "coordinate/multiqc/multiqc_plots/svg/xenium_fov_quality_ranges-cnt.svg",
                "coordinate/multiqc/multiqc_plots/svg/xenium_fov_quality_ranges-pct.svg",
                "coordinate/multiqc/multiqc_plots/svg/xenium_segmentation.svg",
                "coordinate/multiqc/multiqc_plots/svg/xenium_transcript_quality_per_sample_table.svg",
                "coordinate/multiqc/multiqc_plots/svg/xenium_transcripts_per_gene.svg",
                "coordinate/multiqc/multiqc_report.html",
                "coordinate/proseg",
                "coordinate/proseg/preset",
                "coordinate/proseg/proseg2baysor",
                "coordinate/proseg/proseg2baysor/test_run",
                "coordinate/proseg/proseg2baysor/test_run/cell-polygons.geojson",
                "coordinate/proseg/proseg2baysor/test_run/transcript-metadata.csv",
                "coordinate/spatialdata",
                "coordinate/spatialdata/merge",
                "coordinate/spatialdata/merge/spatialdata",
                "coordinate/spatialdata/merge/spatialdata/test_run",
                "coordinate/spatialdata/merge/spatialdata/test_run/merged_bundle",
                "coordinate/spatialdata/merge/spatialdata/test_run/merged_bundle/images",
                "coordinate/spatialdata/merge/spatialdata/test_run/merged_bundle/images/morphology_focus",
                "coordinate/spatialdata/merge/spatialdata/test_run/merged_bundle/images/morphology_focus/0",
                "coordinate/spatialdata/merge/spatialdata/test_run/merged_bundle/images/morphology_focus/0/c",
                "coordinate/spatialdata/merge/spatialdata/test_run/merged_bundle/images/morphology_focus/0/c/0",
                "coordinate/spatialdata/merge/spatialdata/test_run/merged_bundle/images/morphology_focus/0/c/0/0",
                "coordinate/spatialdata/merge/spatialdata/test_run/merged_bundle/images/morphology_focus/0/c/0/0/0",
                "coordinate/spatialdata/merge/spatialdata/test_run/merged_bundle/images/morphology_focus/0/c/0/0/1",
                "coordinate/spatialdata/merge/spatialdata/test_run/merged_bundle/images/morphology_focus/0/zarr.json",
                "coordinate/spatialdata/merge/spatialdata/test_run/merged_bundle/images/morphology_focus/1",
                "coordinate/spatialdata/merge/spatialdata/test_run/merged_bundle/images/morphology_focus/1/c",
                "coordinate/spatialdata/merge/spatialdata/test_run/merged_bundle/images/morphology_focus/1/c/0",
                "coordinate/spatialdata/merge/spatialdata/test_run/merged_bundle/images/morphology_focus/1/c/0/0",
                "coordinate/spatialdata/merge/spatialdata/test_run/merged_bundle/images/morphology_focus/1/c/0/0/0",
                "coordinate/spatialdata/merge/spatialdata/test_run/merged_bundle/images/morphology_focus/1/zarr.json",
                "coordinate/spatialdata/merge/spatialdata/test_run/merged_bundle/images/morphology_focus/2",
                "coordinate/spatialdata/merge/spatialdata/test_run/merged_bundle/images/morphology_focus/2/c",
                "coordinate/spatialdata/merge/spatialdata/test_run/merged_bundle/images/morphology_focus/2/c/0",
                "coordinate/spatialdata/merge/spatialdata/test_run/merged_bundle/images/morphology_focus/2/c/0/0",
                "coordinate/spatialdata/merge/spatialdata/test_run/merged_bundle/images/morphology_focus/2/c/0/0/0",
                "coordinate/spatialdata/merge/spatialdata/test_run/merged_bundle/images/morphology_focus/2/zarr.json",
                "coordinate/spatialdata/merge/spatialdata/test_run/merged_bundle/images/morphology_focus/3",
                "coordinate/spatialdata/merge/spatialdata/test_run/merged_bundle/images/morphology_focus/3/c",
                "coordinate/spatialdata/merge/spatialdata/test_run/merged_bundle/images/morphology_focus/3/c/0",
                "coordinate/spatialdata/merge/spatialdata/test_run/merged_bundle/images/morphology_focus/3/c/0/0",
                "coordinate/spatialdata/merge/spatialdata/test_run/merged_bundle/images/morphology_focus/3/c/0/0/0",
                "coordinate/spatialdata/merge/spatialdata/test_run/merged_bundle/images/morphology_focus/3/zarr.json",
                "coordinate/spatialdata/merge/spatialdata/test_run/merged_bundle/images/morphology_focus/4",
                "coordinate/spatialdata/merge/spatialdata/test_run/merged_bundle/images/morphology_focus/4/c",
                "coordinate/spatialdata/merge/spatialdata/test_run/merged_bundle/images/morphology_focus/4/c/0",
                "coordinate/spatialdata/merge/spatialdata/test_run/merged_bundle/images/morphology_focus/4/c/0/0",
                "coordinate/spatialdata/merge/spatialdata/test_run/merged_bundle/images/morphology_focus/4/c/0/0/0",
                "coordinate/spatialdata/merge/spatialdata/test_run/merged_bundle/images/morphology_focus/4/zarr.json",
                "coordinate/spatialdata/merge/spatialdata/test_run/merged_bundle/images/morphology_focus/zarr.json",
                "coordinate/spatialdata/merge/spatialdata/test_run/merged_bundle/images/zarr.json",
                "coordinate/spatialdata/merge/spatialdata/test_run/merged_bundle/points",
                "coordinate/spatialdata/merge/spatialdata/test_run/merged_bundle/points/raw_transcripts",
                "coordinate/spatialdata/merge/spatialdata/test_run/merged_bundle/points/raw_transcripts/points.parquet",
                "coordinate/spatialdata/merge/spatialdata/test_run/merged_bundle/points/raw_transcripts/points.parquet/part.0.parquet",
                "coordinate/spatialdata/merge/spatialdata/test_run/merged_bundle/points/raw_transcripts/zarr.json",
                "coordinate/spatialdata/merge/spatialdata/test_run/merged_bundle/points/zarr.json",
                "coordinate/spatialdata/merge/spatialdata/test_run/merged_bundle/shapes",
                "coordinate/spatialdata/merge/spatialdata/test_run/merged_bundle/tables",
                "coordinate/spatialdata/merge/spatialdata/test_run/merged_bundle/zarr.json",
                "coordinate/spatialdata/meta",
                "coordinate/spatialdata/meta/spatialdata",
                "coordinate/spatialdata/meta/spatialdata/test_run",
                "coordinate/spatialdata/meta/spatialdata/test_run/metadata",
                "coordinate/spatialdata/meta/spatialdata/test_run/metadata/images",
                "coordinate/spatialdata/meta/spatialdata/test_run/metadata/images/morphology_focus",
                "coordinate/spatialdata/meta/spatialdata/test_run/metadata/images/morphology_focus/0",
                "coordinate/spatialdata/meta/spatialdata/test_run/metadata/images/morphology_focus/0/c",
                "coordinate/spatialdata/meta/spatialdata/test_run/metadata/images/morphology_focus/0/c/0",
                "coordinate/spatialdata/meta/spatialdata/test_run/metadata/images/morphology_focus/0/c/0/0",
                "coordinate/spatialdata/meta/spatialdata/test_run/metadata/images/morphology_focus/0/c/0/0/0",
                "coordinate/spatialdata/meta/spatialdata/test_run/metadata/images/morphology_focus/0/c/0/0/1",
                "coordinate/spatialdata/meta/spatialdata/test_run/metadata/images/morphology_focus/0/zarr.json",
                "coordinate/spatialdata/meta/spatialdata/test_run/metadata/images/morphology_focus/1",
                "coordinate/spatialdata/meta/spatialdata/test_run/metadata/images/morphology_focus/1/c",
                "coordinate/spatialdata/meta/spatialdata/test_run/metadata/images/morphology_focus/1/c/0",
                "coordinate/spatialdata/meta/spatialdata/test_run/metadata/images/morphology_focus/1/c/0/0",
                "coordinate/spatialdata/meta/spatialdata/test_run/metadata/images/morphology_focus/1/c/0/0/0",
                "coordinate/spatialdata/meta/spatialdata/test_run/metadata/images/morphology_focus/1/zarr.json",
                "coordinate/spatialdata/meta/spatialdata/test_run/metadata/images/morphology_focus/2",
                "coordinate/spatialdata/meta/spatialdata/test_run/metadata/images/morphology_focus/2/c",
                "coordinate/spatialdata/meta/spatialdata/test_run/metadata/images/morphology_focus/2/c/0",
                "coordinate/spatialdata/meta/spatialdata/test_run/metadata/images/morphology_focus/2/c/0/0",
                "coordinate/spatialdata/meta/spatialdata/test_run/metadata/images/morphology_focus/2/c/0/0/0",
                "coordinate/spatialdata/meta/spatialdata/test_run/metadata/images/morphology_focus/2/zarr.json",
                "coordinate/spatialdata/meta/spatialdata/test_run/metadata/images/morphology_focus/3",
                "coordinate/spatialdata/meta/spatialdata/test_run/metadata/images/morphology_focus/3/c",
                "coordinate/spatialdata/meta/spatialdata/test_run/metadata/images/morphology_focus/3/c/0",
                "coordinate/spatialdata/meta/spatialdata/test_run/metadata/images/morphology_focus/3/c/0/0",
                "coordinate/spatialdata/meta/spatialdata/test_run/metadata/images/morphology_focus/3/c/0/0/0",
                "coordinate/spatialdata/meta/spatialdata/test_run/metadata/images/morphology_focus/3/zarr.json",
                "coordinate/spatialdata/meta/spatialdata/test_run/metadata/images/morphology_focus/4",
                "coordinate/spatialdata/meta/spatialdata/test_run/metadata/images/morphology_focus/4/c",
                "coordinate/spatialdata/meta/spatialdata/test_run/metadata/images/morphology_focus/4/c/0",
                "coordinate/spatialdata/meta/spatialdata/test_run/metadata/images/morphology_focus/4/c/0/0",
                "coordinate/spatialdata/meta/spatialdata/test_run/metadata/images/morphology_focus/4/c/0/0/0",
                "coordinate/spatialdata/meta/spatialdata/test_run/metadata/images/morphology_focus/4/zarr.json",
                "coordinate/spatialdata/meta/spatialdata/test_run/metadata/images/morphology_focus/zarr.json",
                "coordinate/spatialdata/meta/spatialdata/test_run/metadata/images/zarr.json",
                "coordinate/spatialdata/meta/spatialdata/test_run/metadata/points",
                "coordinate/spatialdata/meta/spatialdata/test_run/metadata/points/raw_transcripts",
                "coordinate/spatialdata/meta/spatialdata/test_run/metadata/points/raw_transcripts/points.parquet",
                "coordinate/spatialdata/meta/spatialdata/test_run/metadata/points/raw_transcripts/points.parquet/part.0.parquet",
                "coordinate/spatialdata/meta/spatialdata/test_run/metadata/points/raw_transcripts/zarr.json",
                "coordinate/spatialdata/meta/spatialdata/test_run/metadata/points/zarr.json",
                "coordinate/spatialdata/meta/spatialdata/test_run/metadata/tables",
                "coordinate/spatialdata/meta/spatialdata/test_run/metadata/zarr.json",
                "coordinate/spatialdata/write",
                "coordinate/spatialdata/write/spatialdata",
                "coordinate/spatialdata/write/spatialdata/test_run",
                "coordinate/spatialdata/write/spatialdata/test_run/raw_bundle",
                "coordinate/spatialdata/write/spatialdata/test_run/raw_bundle/images",
                "coordinate/spatialdata/write/spatialdata/test_run/raw_bundle/images/morphology_focus",
                "coordinate/spatialdata/write/spatialdata/test_run/raw_bundle/images/morphology_focus/0",
                "coordinate/spatialdata/write/spatialdata/test_run/raw_bundle/images/morphology_focus/0/c",
                "coordinate/spatialdata/write/spatialdata/test_run/raw_bundle/images/morphology_focus/0/c/0",
                "coordinate/spatialdata/write/spatialdata/test_run/raw_bundle/images/morphology_focus/0/c/0/0",
                "coordinate/spatialdata/write/spatialdata/test_run/raw_bundle/images/morphology_focus/0/c/0/0/0",
                "coordinate/spatialdata/write/spatialdata/test_run/raw_bundle/images/morphology_focus/0/c/0/0/1",
                "coordinate/spatialdata/write/spatialdata/test_run/raw_bundle/images/morphology_focus/0/zarr.json",
                "coordinate/spatialdata/write/spatialdata/test_run/raw_bundle/images/morphology_focus/1",
                "coordinate/spatialdata/write/spatialdata/test_run/raw_bundle/images/morphology_focus/1/c",
                "coordinate/spatialdata/write/spatialdata/test_run/raw_bundle/images/morphology_focus/1/c/0",
                "coordinate/spatialdata/write/spatialdata/test_run/raw_bundle/images/morphology_focus/1/c/0/0",
                "coordinate/spatialdata/write/spatialdata/test_run/raw_bundle/images/morphology_focus/1/c/0/0/0",
                "coordinate/spatialdata/write/spatialdata/test_run/raw_bundle/images/morphology_focus/1/zarr.json",
                "coordinate/spatialdata/write/spatialdata/test_run/raw_bundle/images/morphology_focus/2",
                "coordinate/spatialdata/write/spatialdata/test_run/raw_bundle/images/morphology_focus/2/c",
                "coordinate/spatialdata/write/spatialdata/test_run/raw_bundle/images/morphology_focus/2/c/0",
                "coordinate/spatialdata/write/spatialdata/test_run/raw_bundle/images/morphology_focus/2/c/0/0",
                "coordinate/spatialdata/write/spatialdata/test_run/raw_bundle/images/morphology_focus/2/c/0/0/0",
                "coordinate/spatialdata/write/spatialdata/test_run/raw_bundle/images/morphology_focus/2/zarr.json",
                "coordinate/spatialdata/write/spatialdata/test_run/raw_bundle/images/morphology_focus/3",
                "coordinate/spatialdata/write/spatialdata/test_run/raw_bundle/images/morphology_focus/3/c",
                "coordinate/spatialdata/write/spatialdata/test_run/raw_bundle/images/morphology_focus/3/c/0",
                "coordinate/spatialdata/write/spatialdata/test_run/raw_bundle/images/morphology_focus/3/c/0/0",
                "coordinate/spatialdata/write/spatialdata/test_run/raw_bundle/images/morphology_focus/3/c/0/0/0",
                "coordinate/spatialdata/write/spatialdata/test_run/raw_bundle/images/morphology_focus/3/zarr.json",
                "coordinate/spatialdata/write/spatialdata/test_run/raw_bundle/images/morphology_focus/4",
                "coordinate/spatialdata/write/spatialdata/test_run/raw_bundle/images/morphology_focus/4/c",
                "coordinate/spatialdata/write/spatialdata/test_run/raw_bundle/images/morphology_focus/4/c/0",
                "coordinate/spatialdata/write/spatialdata/test_run/raw_bundle/images/morphology_focus/4/c/0/0",
                "coordinate/spatialdata/write/spatialdata/test_run/raw_bundle/images/morphology_focus/4/c/0/0/0",
                "coordinate/spatialdata/write/spatialdata/test_run/raw_bundle/images/morphology_focus/4/zarr.json",
                "coordinate/spatialdata/write/spatialdata/test_run/raw_bundle/images/morphology_focus/zarr.json",
                "coordinate/spatialdata/write/spatialdata/test_run/raw_bundle/images/zarr.json",
                "coordinate/spatialdata/write/spatialdata/test_run/raw_bundle/points",
                "coordinate/spatialdata/write/spatialdata/test_run/raw_bundle/points/transcripts",
                "coordinate/spatialdata/write/spatialdata/test_run/raw_bundle/points/transcripts/points.parquet",
                "coordinate/spatialdata/write/spatialdata/test_run/raw_bundle/points/transcripts/points.parquet/part.0.parquet",
                "coordinate/spatialdata/write/spatialdata/test_run/raw_bundle/points/transcripts/zarr.json",
                "coordinate/spatialdata/write/spatialdata/test_run/raw_bundle/points/zarr.json",
                "coordinate/spatialdata/write/spatialdata/test_run/raw_bundle/tables",
                "coordinate/spatialdata/write/spatialdata/test_run/raw_bundle/zarr.json",
                "coordinate/spatialdata/write/spatialdata/test_run/redefined_bundle",
                "coordinate/spatialdata/write/spatialdata/test_run/redefined_bundle/images",
                "coordinate/spatialdata/write/spatialdata/test_run/redefined_bundle/images/morphology_focus",
                "coordinate/spatialdata/write/spatialdata/test_run/redefined_bundle/images/morphology_focus/0",
                "coordinate/spatialdata/write/spatialdata/test_run/redefined_bundle/images/morphology_focus/0/c",
                "coordinate/spatialdata/write/spatialdata/test_run/redefined_bundle/images/morphology_focus/0/c/0",
                "coordinate/spatialdata/write/spatialdata/test_run/redefined_bundle/images/morphology_focus/0/c/0/0",
                "coordinate/spatialdata/write/spatialdata/test_run/redefined_bundle/images/morphology_focus/0/c/0/0/0",
                "coordinate/spatialdata/write/spatialdata/test_run/redefined_bundle/images/morphology_focus/0/c/0/0/1",
                "coordinate/spatialdata/write/spatialdata/test_run/redefined_bundle/images/morphology_focus/0/zarr.json",
                "coordinate/spatialdata/write/spatialdata/test_run/redefined_bundle/images/morphology_focus/1",
                "coordinate/spatialdata/write/spatialdata/test_run/redefined_bundle/images/morphology_focus/1/c",
                "coordinate/spatialdata/write/spatialdata/test_run/redefined_bundle/images/morphology_focus/1/c/0",
                "coordinate/spatialdata/write/spatialdata/test_run/redefined_bundle/images/morphology_focus/1/c/0/0",
                "coordinate/spatialdata/write/spatialdata/test_run/redefined_bundle/images/morphology_focus/1/c/0/0/0",
                "coordinate/spatialdata/write/spatialdata/test_run/redefined_bundle/images/morphology_focus/1/zarr.json",
                "coordinate/spatialdata/write/spatialdata/test_run/redefined_bundle/images/morphology_focus/2",
                "coordinate/spatialdata/write/spatialdata/test_run/redefined_bundle/images/morphology_focus/2/c",
                "coordinate/spatialdata/write/spatialdata/test_run/redefined_bundle/images/morphology_focus/2/c/0",
                "coordinate/spatialdata/write/spatialdata/test_run/redefined_bundle/images/morphology_focus/2/c/0/0",
                "coordinate/spatialdata/write/spatialdata/test_run/redefined_bundle/images/morphology_focus/2/c/0/0/0",
                "coordinate/spatialdata/write/spatialdata/test_run/redefined_bundle/images/morphology_focus/2/zarr.json",
                "coordinate/spatialdata/write/spatialdata/test_run/redefined_bundle/images/morphology_focus/3",
                "coordinate/spatialdata/write/spatialdata/test_run/redefined_bundle/images/morphology_focus/3/c",
                "coordinate/spatialdata/write/spatialdata/test_run/redefined_bundle/images/morphology_focus/3/c/0",
                "coordinate/spatialdata/write/spatialdata/test_run/redefined_bundle/images/morphology_focus/3/c/0/0",
                "coordinate/spatialdata/write/spatialdata/test_run/redefined_bundle/images/morphology_focus/3/c/0/0/0",
                "coordinate/spatialdata/write/spatialdata/test_run/redefined_bundle/images/morphology_focus/3/zarr.json",
                "coordinate/spatialdata/write/spatialdata/test_run/redefined_bundle/images/morphology_focus/4",
                "coordinate/spatialdata/write/spatialdata/test_run/redefined_bundle/images/morphology_focus/4/c",
                "coordinate/spatialdata/write/spatialdata/test_run/redefined_bundle/images/morphology_focus/4/c/0",
                "coordinate/spatialdata/write/spatialdata/test_run/redefined_bundle/images/morphology_focus/4/c/0/0",
                "coordinate/spatialdata/write/spatialdata/test_run/redefined_bundle/images/morphology_focus/4/c/0/0/0",
                "coordinate/spatialdata/write/spatialdata/test_run/redefined_bundle/images/morphology_focus/4/zarr.json",
                "coordinate/spatialdata/write/spatialdata/test_run/redefined_bundle/images/morphology_focus/zarr.json",
                "coordinate/spatialdata/write/spatialdata/test_run/redefined_bundle/images/zarr.json",
                "coordinate/spatialdata/write/spatialdata/test_run/redefined_bundle/points",
                "coordinate/spatialdata/write/spatialdata/test_run/redefined_bundle/points/transcripts",
                "coordinate/spatialdata/write/spatialdata/test_run/redefined_bundle/points/transcripts/points.parquet",
                "coordinate/spatialdata/write/spatialdata/test_run/redefined_bundle/points/transcripts/points.parquet/part.0.parquet",
                "coordinate/spatialdata/write/spatialdata/test_run/redefined_bundle/points/transcripts/zarr.json",
                "coordinate/spatialdata/write/spatialdata/test_run/redefined_bundle/points/zarr.json",
                "coordinate/spatialdata/write/spatialdata/test_run/redefined_bundle/shapes",
                "coordinate/spatialdata/write/spatialdata/test_run/redefined_bundle/shapes/cell_boundaries",
                "coordinate/spatialdata/write/spatialdata/test_run/redefined_bundle/shapes/cell_boundaries/shapes.parquet",
                "coordinate/spatialdata/write/spatialdata/test_run/redefined_bundle/shapes/cell_boundaries/zarr.json",
                "coordinate/spatialdata/write/spatialdata/test_run/redefined_bundle/shapes/zarr.json",
                "coordinate/spatialdata/write/spatialdata/test_run/redefined_bundle/tables",
                "coordinate/spatialdata/write/spatialdata/test_run/redefined_bundle/zarr.json",
                "coordinate/untar",
                "coordinate/untar/test_run",
                "pipeline_info",
                "pipeline_info/nf_core_spatialaxe_software_mqc_versions.yml",
                "xeniumranger",
                "xeniumranger/test_run"
            ],
            [
                "multiqc_citations.txt:md5,4c806e63a283ec1b7e78cdae3a923d4f",
                "multiqc_software_versions.txt:md5,6b25b317ed5e9bda0d2c9ff6fe85eafb",
                "0:md5,397dc21e479c58fd2ffcbe6c3e627683",
                "1:md5,f1a6b9238c3095bad7867b22f293e5e6",
                "zarr.json:md5,893b4d8873fc997d364288c63ef0871f",
                "0:md5,519d79fe18256d530a2070e31925fac6",
                "zarr.json:md5,9e0748b559911795c141000a77ab7e59",
                "0:md5,f349fb7934242be4cf4ac28e1a7e18f4",
                "zarr.json:md5,32b707be767bd056085d0f349d3ab68c",
                "0:md5,000e609e16f4975474a7d57eed232daa",
                "zarr.json:md5,4690fb68f05cbca9148144c85bd9687f",
                "0:md5,4890e52e8f0efc8f560bc51199d5071c",
                "zarr.json:md5,1f4482a1e3b6e9ab30623b0ad12f5213",
                "zarr.json:md5,b98263d3964a5236145ccf6c808f8919",
                "0:md5,397dc21e479c58fd2ffcbe6c3e627683",
                "1:md5,f1a6b9238c3095bad7867b22f293e5e6",
                "zarr.json:md5,893b4d8873fc997d364288c63ef0871f",
                "0:md5,519d79fe18256d530a2070e31925fac6",
                "zarr.json:md5,9e0748b559911795c141000a77ab7e59",
                "0:md5,f349fb7934242be4cf4ac28e1a7e18f4",
                "zarr.json:md5,32b707be767bd056085d0f349d3ab68c",
                "0:md5,000e609e16f4975474a7d57eed232daa",
                "zarr.json:md5,4690fb68f05cbca9148144c85bd9687f",
                "0:md5,4890e52e8f0efc8f560bc51199d5071c",
                "zarr.json:md5,1f4482a1e3b6e9ab30623b0ad12f5213",
                "zarr.json:md5,b98263d3964a5236145ccf6c808f8919",
                "0:md5,397dc21e479c58fd2ffcbe6c3e627683",
                "1:md5,f1a6b9238c3095bad7867b22f293e5e6",
                "zarr.json:md5,893b4d8873fc997d364288c63ef0871f",
                "0:md5,519d79fe18256d530a2070e31925fac6",
                "zarr.json:md5,9e0748b559911795c141000a77ab7e59",
                "0:md5,f349fb7934242be4cf4ac28e1a7e18f4",
                "zarr.json:md5,32b707be767bd056085d0f349d3ab68c",
                "0:md5,000e609e16f4975474a7d57eed232daa",
                "zarr.json:md5,4690fb68f05cbca9148144c85bd9687f",
                "0:md5,4890e52e8f0efc8f560bc51199d5071c",
                "zarr.json:md5,1f4482a1e3b6e9ab30623b0ad12f5213",
                "zarr.json:md5,b98263d3964a5236145ccf6c808f8919",
                "0:md5,397dc21e479c58fd2ffcbe6c3e627683",
                "1:md5,f1a6b9238c3095bad7867b22f293e5e6",
                "zarr.json:md5,893b4d8873fc997d364288c63ef0871f",
                "0:md5,519d79fe18256d530a2070e31925fac6",
                "zarr.json:md5,9e0748b559911795c141000a77ab7e59",
                "0:md5,f349fb7934242be4cf4ac28e1a7e18f4",
                "zarr.json:md5,32b707be767bd056085d0f349d3ab68c",
                "0:md5,000e609e16f4975474a7d57eed232daa",
                "zarr.json:md5,4690fb68f05cbca9148144c85bd9687f",
                "0:md5,4890e52e8f0efc8f560bc51199d5071c",
                "zarr.json:md5,1f4482a1e3b6e9ab30623b0ad12f5213",
                "zarr.json:md5,b98263d3964a5236145ccf6c808f8919"
            ]
        ],
        "timestamp": "2026-08-14T15:24:34.837557935",
        "meta": {
            "nf-test": "0.9.5",
            "nextflow": "26.04.6"
        }
    },
    "-profile test stub": {
        "content": [
            {
                "PROSEG2BAYSOR": {
                    "proseg": "3.1.1"
                },
                "PROSEG": {
                    "proseg": "3.1.1"
                },
                "SPATIALDATA_MERGE_RAW_REDEFINED": {
                    "spatialdata": "0.7.2"
                },
                "SPATIALDATA_META": {
                    "spatialdata": "0.7.2"
                },
                "SPATIALDATA_WRITE_RAW_BUNDLE": {
                    "spatialdata": "0.7.2"
                },
                "SPATIALDATA_WRITE_REDEFINED_BUNDLE": {
                    "spatialdata": "0.7.2"
                },
                "UNTAR": {
                    "untar": 1.34
                },
                "Workflow": {
                    "nf-core/spatialaxe": "v1.0.1dev"
                },
                "XENIUMRANGER_IMPORTSEGMENTATION": {
                    "xeniumranger": "4.0.1.1"
                }
            },
            [
                "coordinate",
                "coordinate/multiqc",
                "coordinate/multiqc/raw_bundle",
                "coordinate/multiqc/raw_bundle/multiqc_data",
                "coordinate/multiqc/raw_bundle/multiqc_data/.stub",
                "coordinate/multiqc/raw_bundle/multiqc_plots",
                "coordinate/multiqc/raw_bundle/multiqc_plots/.stub",
                "coordinate/multiqc/raw_bundle/multiqc_report.html",
                "coordinate/multiqc/redefined_bundle",
                "coordinate/multiqc/redefined_bundle/multiqc_data",
                "coordinate/multiqc/redefined_bundle/multiqc_data/.stub",
                "coordinate/multiqc/redefined_bundle/multiqc_plots",
                "coordinate/multiqc/redefined_bundle/multiqc_plots/.stub",
                "coordinate/multiqc/redefined_bundle/multiqc_report.html",
                "coordinate/proseg",
                "coordinate/proseg/proseg",
                "coordinate/proseg/proseg/test_run.zarr",
                "coordinate/proseg/proseg/test_run_cell-metadata.csv.gz",
                "coordinate/proseg/proseg/test_run_cell-polygons-layers.geojson.gz",
                "coordinate/proseg/proseg/test_run_cell-polygons-union.geojson.gz",
                "coordinate/proseg/proseg/test_run_cell-polygons.geojson.gz",
                "coordinate/proseg/proseg/test_run_expected-counts.csv.gz",
                "coordinate/proseg/proseg/test_run_transcript-metadata.csv.gz",
                "coordinate/proseg/proseg2baysor",
                "coordinate/proseg/proseg2baysor/test_run_cell-polygons.geojson",
                "coordinate/proseg/proseg2baysor/test_run_transcript-metadata.csv",
                "coordinate/spatialdata",
                "coordinate/spatialdata/merge",
                "coordinate/spatialdata/merge/spatialdata",
                "coordinate/spatialdata/merge/spatialdata/test_run",
                "coordinate/spatialdata/merge/spatialdata/test_run/merged_bundle",
                "coordinate/spatialdata/merge/spatialdata/test_run/merged_bundle/fake_file.txt",
                "coordinate/spatialdata/meta",
                "coordinate/spatialdata/meta/spatialdata",
                "coordinate/spatialdata/meta/spatialdata/test_run",
                "coordinate/spatialdata/meta/spatialdata/test_run/metadata",
                "coordinate/spatialdata/meta/spatialdata/test_run/metadata/fake_file.txt",
                "coordinate/spatialdata/write",
                "coordinate/spatialdata/write/spatialdata",
                "coordinate/spatialdata/write/spatialdata/test_run",
                "coordinate/spatialdata/write/spatialdata/test_run/raw_bundle",
                "coordinate/spatialdata/write/spatialdata/test_run/raw_bundle/fake_file.txt",
                "coordinate/spatialdata/write/spatialdata/test_run/redefined_bundle",
                "coordinate/spatialdata/write/spatialdata/test_run/redefined_bundle/fake_file.txt",
                "coordinate/untar",
                "coordinate/untar/test_run",
                "coordinate/untar/test_run/.end-of-run",
                "coordinate/untar/test_run/analysis.tar.gz",
                "coordinate/untar/test_run/analysis.zarr.zip",
                "coordinate/untar/test_run/analysis_summary.html",
                "coordinate/untar/test_run/aux_outputs.tar.gz",
                "coordinate/untar/test_run/cell_boundaries.csv.gz",
                "coordinate/untar/test_run/cell_boundaries.parquet",
                "coordinate/untar/test_run/cell_feature_matrix.h5",
                "coordinate/untar/test_run/cell_feature_matrix.tar.gz",
                "coordinate/untar/test_run/cell_feature_matrix.zarr.zip",
                "coordinate/untar/test_run/cells.csv.gz",
                "coordinate/untar/test_run/cells.parquet",
                "coordinate/untar/test_run/cells.zarr.zip",
                "coordinate/untar/test_run/experiment.xenium",
                "coordinate/untar/test_run/gene_panel.json",
                "coordinate/untar/test_run/metrics_summary.csv",
                "coordinate/untar/test_run/morphology.ome.tif",
                "coordinate/untar/test_run/morphology_focus",
                "coordinate/untar/test_run/morphology_focus/morphology_focus_0000.ome.tif",
                "coordinate/untar/test_run/nucleus_boundaries.csv.gz",
                "coordinate/untar/test_run/nucleus_boundaries.parquet",
                "coordinate/untar/test_run/transcripts.parquet",
                "coordinate/untar/test_run/transcripts.zarr.zip",
                "pipeline_info",
                "pipeline_info/nf_core_spatialaxe_software_mqc_versions.yml",
                "xeniumranger",
                "xeniumranger/test_run",
                "xeniumranger/test_run/experiment.xenium"
            ],
            [
                ".stub:md5,d41d8cd98f00b204e9800998ecf8427e",
                ".stub:md5,d41d8cd98f00b204e9800998ecf8427e",
                "multiqc_report.html:md5,d41d8cd98f00b204e9800998ecf8427e",
                ".stub:md5,d41d8cd98f00b204e9800998ecf8427e",
                ".stub:md5,d41d8cd98f00b204e9800998ecf8427e",
                "multiqc_report.html:md5,d41d8cd98f00b204e9800998ecf8427e",
                "fake_file.txt:md5,d41d8cd98f00b204e9800998ecf8427e",
                "fake_file.txt:md5,d41d8cd98f00b204e9800998ecf8427e",
                "fake_file.txt:md5,d41d8cd98f00b204e9800998ecf8427e",
                "fake_file.txt:md5,d41d8cd98f00b204e9800998ecf8427e"
            ]
        ],
        "timestamp": "2026-08-14T15:28:47.60775781",
        "meta": {
            "nf-test": "0.9.5",
            "nextflow": "26.04.6"
        }
    },
    "-profile test qc": {
        "content": [
            {
                "PROSEG2BAYSOR": {
                    "proseg": "3.1.0"
                },
                "PROSEG": {
                    "proseg": "3.1.0"
                },
                "SPATIALDATA_MERGE_RAW_REDEFINED": {
                    "spatialdata": "0.7.2"
                },
                "SPATIALDATA_META": {
                    "spatialdata": "0.7.2"
                },
                "SPATIALDATA_WRITE_RAW_BUNDLE": {
                    "spatialdata": "0.7.2"
                },
                "SPATIALDATA_WRITE_REDEFINED_BUNDLE": {
                    "spatialdata": "0.7.2"
                },
                "UNTAR": {
                    "untar": 1.34
                },
                "Workflow": {
                    "nf-core/spatialaxe": "v1.0.1dev"
                },
                "XENIUMRANGER_IMPORTSEGMENTATION": {
                    "xeniumranger": "4.0.1.1"
                }
            },
            [
                "coordinate",
                "coordinate/multiqc",
                "coordinate/multiqc/raw_bundle",
                "coordinate/multiqc/raw_bundle/MultiQC-Pre-Xeniumranger-import-segmentation-Run_multiqc_report.html",
                "coordinate/multiqc/raw_bundle/MultiQC-Pre-Xeniumranger-import-segmentation-Run_multiqc_report_data",
                "coordinate/multiqc/raw_bundle/MultiQC-Pre-Xeniumranger-import-segmentation-Run_multiqc_report_data/llms-full.txt",
                "coordinate/multiqc/raw_bundle/MultiQC-Pre-Xeniumranger-import-segmentation-Run_multiqc_report_data/multiqc.log",
                "coordinate/multiqc/raw_bundle/MultiQC-Pre-Xeniumranger-import-segmentation-Run_multiqc_report_data/multiqc.parquet",
                "coordinate/multiqc/raw_bundle/MultiQC-Pre-Xeniumranger-import-segmentation-Run_multiqc_report_data/multiqc_citations.txt",
                "coordinate/multiqc/raw_bundle/MultiQC-Pre-Xeniumranger-import-segmentation-Run_multiqc_report_data/multiqc_data.json",
                "coordinate/multiqc/raw_bundle/MultiQC-Pre-Xeniumranger-import-segmentation-Run_multiqc_report_data/multiqc_software_versions.txt",
                "coordinate/multiqc/raw_bundle/MultiQC-Pre-Xeniumranger-import-segmentation-Run_multiqc_report_data/multiqc_sources.txt",
                "coordinate/multiqc/redefined_bundle",
                "coordinate/multiqc/redefined_bundle/MultiQC-Post-Xeniumranger-import-segmentation-Run_multiqc_report.html",
                "coordinate/multiqc/redefined_bundle/MultiQC-Post-Xeniumranger-import-segmentation-Run_multiqc_report_data",
                "coordinate/multiqc/redefined_bundle/MultiQC-Post-Xeniumranger-import-segmentation-Run_multiqc_report_data/llms-full.txt",
                "coordinate/multiqc/redefined_bundle/MultiQC-Post-Xeniumranger-import-segmentation-Run_multiqc_report_data/multiqc.log",
                "coordinate/multiqc/redefined_bundle/MultiQC-Post-Xeniumranger-import-segmentation-Run_multiqc_report_data/multiqc.parquet",
                "coordinate/multiqc/redefined_bundle/MultiQC-Post-Xeniumranger-import-segmentation-Run_multiqc_report_data/multiqc_citations.txt",
                "coordinate/multiqc/redefined_bundle/MultiQC-Post-Xeniumranger-import-segmentation-Run_multiqc_report_data/multiqc_data.json",
                "coordinate/multiqc/redefined_bundle/MultiQC-Post-Xeniumranger-import-segmentation-Run_multiqc_report_data/multiqc_software_versions.txt",
                "coordinate/multiqc/redefined_bundle/MultiQC-Post-Xeniumranger-import-segmentation-Run_multiqc_report_data/multiqc_sources.txt",
                "coordinate/proseg",
                "coordinate/proseg/preset",
                "coordinate/proseg/proseg2baysor",
                "coordinate/proseg/proseg2baysor/test_run",
                "coordinate/proseg/proseg2baysor/test_run/cell-polygons.geojson",
                "coordinate/proseg/proseg2baysor/test_run/transcript-metadata.csv",
                "coordinate/spatialdata",
                "coordinate/spatialdata/merge",
                "coordinate/spatialdata/merge/spatialdata",
                "coordinate/spatialdata/merge/spatialdata/test_run",
                "coordinate/spatialdata/merge/spatialdata/test_run/merged_bundle",
                "coordinate/spatialdata/merge/spatialdata/test_run/merged_bundle/images",
                "coordinate/spatialdata/merge/spatialdata/test_run/merged_bundle/images/morphology_focus",
                "coordinate/spatialdata/merge/spatialdata/test_run/merged_bundle/images/morphology_focus/0",
                "coordinate/spatialdata/merge/spatialdata/test_run/merged_bundle/images/morphology_focus/0/c",
                "coordinate/spatialdata/merge/spatialdata/test_run/merged_bundle/images/morphology_focus/0/c/0",
                "coordinate/spatialdata/merge/spatialdata/test_run/merged_bundle/images/morphology_focus/0/c/0/0",
                "coordinate/spatialdata/merge/spatialdata/test_run/merged_bundle/images/morphology_focus/0/c/0/0/0",
                "coordinate/spatialdata/merge/spatialdata/test_run/merged_bundle/images/morphology_focus/0/c/0/0/1",
                "coordinate/spatialdata/merge/spatialdata/test_run/merged_bundle/images/morphology_focus/0/zarr.json",
                "coordinate/spatialdata/merge/spatialdata/test_run/merged_bundle/images/morphology_focus/1",
                "coordinate/spatialdata/merge/spatialdata/test_run/merged_bundle/images/morphology_focus/1/c",
                "coordinate/spatialdata/merge/spatialdata/test_run/merged_bundle/images/morphology_focus/1/c/0",
                "coordinate/spatialdata/merge/spatialdata/test_run/merged_bundle/images/morphology_focus/1/c/0/0",
                "coordinate/spatialdata/merge/spatialdata/test_run/merged_bundle/images/morphology_focus/1/c/0/0/0",
                "coordinate/spatialdata/merge/spatialdata/test_run/merged_bundle/images/morphology_focus/1/zarr.json",
                "coordinate/spatialdata/merge/spatialdata/test_run/merged_bundle/images/morphology_focus/2",
                "coordinate/spatialdata/merge/spatialdata/test_run/merged_bundle/images/morphology_focus/2/c",
                "coordinate/spatialdata/merge/spatialdata/test_run/merged_bundle/images/morphology_focus/2/c/0",
                "coordinate/spatialdata/merge/spatialdata/test_run/merged_bundle/images/morphology_focus/2/c/0/0",
                "coordinate/spatialdata/merge/spatialdata/test_run/merged_bundle/images/morphology_focus/2/c/0/0/0",
                "coordinate/spatialdata/merge/spatialdata/test_run/merged_bundle/images/morphology_focus/2/zarr.json",
                "coordinate/spatialdata/merge/spatialdata/test_run/merged_bundle/images/morphology_focus/3",
                "coordinate/spatialdata/merge/spatialdata/test_run/merged_bundle/images/morphology_focus/3/c",
                "coordinate/spatialdata/merge/spatialdata/test_run/merged_bundle/images/morphology_focus/3/c/0",
                "coordinate/spatialdata/merge/spatialdata/test_run/merged_bundle/images/morphology_focus/3/c/0/0",
                "coordinate/spatialdata/merge/spatialdata/test_run/merged_bundle/images/morphology_focus/3/c/0/0/0",
                "coordinate/spatialdata/merge/spatialdata/test_run/merged_bundle/images/morphology_focus/3/zarr.json",
                "coordinate/spatialdata/merge/spatialdata/test_run/merged_bundle/images/morphology_focus/4",
                "coordinate/spatialdata/merge/spatialdata/test_run/merged_bundle/images/morphology_focus/4/c",
                "coordinate/spatialdata/merge/spatialdata/test_run/merged_bundle/images/morphology_focus/4/c/0",
                "coordinate/spatialdata/merge/spatialdata/test_run/merged_bundle/images/morphology_focus/4/c/0/0",
                "coordinate/spatialdata/merge/spatialdata/test_run/merged_bundle/images/morphology_focus/4/c/0/0/0",
                "coordinate/spatialdata/merge/spatialdata/test_run/merged_bundle/images/morphology_focus/4/zarr.json",
                "coordinate/spatialdata/merge/spatialdata/test_run/merged_bundle/images/morphology_focus/zarr.json",
                "coordinate/spatialdata/merge/spatialdata/test_run/merged_bundle/images/zarr.json",
                "coordinate/spatialdata/merge/spatialdata/test_run/merged_bundle/labels",
                "coordinate/spatialdata/merge/spatialdata/test_run/merged_bundle/labels/cell_labels",
                "coordinate/spatialdata/merge/spatialdata/test_run/merged_bundle/labels/cell_labels/0",
                "coordinate/spatialdata/merge/spatialdata/test_run/merged_bundle/labels/cell_labels/0/c",
                "coordinate/spatialdata/merge/spatialdata/test_run/merged_bundle/labels/cell_labels/0/c/0",
                "coordinate/spatialdata/merge/spatialdata/test_run/merged_bundle/labels/cell_labels/0/c/0/0",
                "coordinate/spatialdata/merge/spatialdata/test_run/merged_bundle/labels/cell_labels/0/c/0/1",
                "coordinate/spatialdata/merge/spatialdata/test_run/merged_bundle/labels/cell_labels/0/zarr.json",
                "coordinate/spatialdata/merge/spatialdata/test_run/merged_bundle/labels/cell_labels/1",
                "coordinate/spatialdata/merge/spatialdata/test_run/merged_bundle/labels/cell_labels/1/c",
                "coordinate/spatialdata/merge/spatialdata/test_run/merged_bundle/labels/cell_labels/1/c/0",
                "coordinate/spatialdata/merge/spatialdata/test_run/merged_bundle/labels/cell_labels/1/c/0/0",
                "coordinate/spatialdata/merge/spatialdata/test_run/merged_bundle/labels/cell_labels/1/zarr.json",
                "coordinate/spatialdata/merge/spatialdata/test_run/merged_bundle/labels/cell_labels/2",
                "coordinate/spatialdata/merge/spatialdata/test_run/merged_bundle/labels/cell_labels/2/c",
                "coordinate/spatialdata/merge/spatialdata/test_run/merged_bundle/labels/cell_labels/2/c/0",
                "coordinate/spatialdata/merge/spatialdata/test_run/merged_bundle/labels/cell_labels/2/c/0/0",
                "coordinate/spatialdata/merge/spatialdata/test_run/merged_bundle/labels/cell_labels/2/zarr.json",
                "coordinate/spatialdata/merge/spatialdata/test_run/merged_bundle/labels/cell_labels/3",
                "coordinate/spatialdata/merge/spatialdata/test_run/merged_bundle/labels/cell_labels/3/c",
                "coordinate/spatialdata/merge/spatialdata/test_run/merged_bundle/labels/cell_labels/3/c/0",
                "coordinate/spatialdata/merge/spatialdata/test_run/merged_bundle/labels/cell_labels/3/c/0/0",
                "coordinate/spatialdata/merge/spatialdata/test_run/merged_bundle/labels/cell_labels/3/zarr.json",
                "coordinate/spatialdata/merge/spatialdata/test_run/merged_bundle/labels/cell_labels/4",
                "coordinate/spatialdata/merge/spatialdata/test_run/merged_bundle/labels/cell_labels/4/c",
                "coordinate/spatialdata/merge/spatialdata/test_run/merged_bundle/labels/cell_labels/4/c/0",
                "coordinate/spatialdata/merge/spatialdata/test_run/merged_bundle/labels/cell_labels/4/c/0/0",
                "coordinate/spatialdata/merge/spatialdata/test_run/merged_bundle/labels/cell_labels/4/zarr.json",
                "coordinate/spatialdata/merge/spatialdata/test_run/merged_bundle/labels/cell_labels/zarr.json",
                "coordinate/spatialdata/merge/spatialdata/test_run/merged_bundle/labels/nucleus_labels",
                "coordinate/spatialdata/merge/spatialdata/test_run/merged_bundle/labels/nucleus_labels/0",
                "coordinate/spatialdata/merge/spatialdata/test_run/merged_bundle/labels/nucleus_labels/0/c",
                "coordinate/spatialdata/merge/spatialdata/test_run/merged_bundle/labels/nucleus_labels/0/c/0",
                "coordinate/spatialdata/merge/spatialdata/test_run/merged_bundle/labels/nucleus_labels/0/c/0/0",
                "coordinate/spatialdata/merge/spatialdata/test_run/merged_bundle/labels/nucleus_labels/0/c/0/1",
                "coordinate/spatialdata/merge/spatialdata/test_run/merged_bundle/labels/nucleus_labels/0/zarr.json",
                "coordinate/spatialdata/merge/spatialdata/test_run/merged_bundle/labels/nucleus_labels/1",
                "coordinate/spatialdata/merge/spatialdata/test_run/merged_bundle/labels/nucleus_labels/1/c",
                "coordinate/spatialdata/merge/spatialdata/test_run/merged_bundle/labels/nucleus_labels/1/c/0",
                "coordinate/spatialdata/merge/spatialdata/test_run/merged_bundle/labels/nucleus_labels/1/c/0/0",
                "coordinate/spatialdata/merge/spatialdata/test_run/merged_bundle/labels/nucleus_labels/1/zarr.json",
                "coordinate/spatialdata/merge/spatialdata/test_run/merged_bundle/labels/nucleus_labels/2",
                "coordinate/spatialdata/merge/spatialdata/test_run/merged_bundle/labels/nucleus_labels/2/c",
                "coordinate/spatialdata/merge/spatialdata/test_run/merged_bundle/labels/nucleus_labels/2/c/0",
                "coordinate/spatialdata/merge/spatialdata/test_run/merged_bundle/labels/nucleus_labels/2/c/0/0",
                "coordinate/spatialdata/merge/spatialdata/test_run/merged_bundle/labels/nucleus_labels/2/zarr.json",
                "coordinate/spatialdata/merge/spatialdata/test_run/merged_bundle/labels/nucleus_labels/3",
                "coordinate/spatialdata/merge/spatialdata/test_run/merged_bundle/labels/nucleus_labels/3/c",
                "coordinate/spatialdata/merge/spatialdata/test_run/merged_bundle/labels/nucleus_labels/3/c/0",
                "coordinate/spatialdata/merge/spatialdata/test_run/merged_bundle/labels/nucleus_labels/3/c/0/0",
                "coordinate/spatialdata/merge/spatialdata/test_run/merged_bundle/labels/nucleus_labels/3/zarr.json",
                "coordinate/spatialdata/merge/spatialdata/test_run/merged_bundle/labels/nucleus_labels/4",
                "coordinate/spatialdata/merge/spatialdata/test_run/merged_bundle/labels/nucleus_labels/4/c",
                "coordinate/spatialdata/merge/spatialdata/test_run/merged_bundle/labels/nucleus_labels/4/c/0",
                "coordinate/spatialdata/merge/spatialdata/test_run/merged_bundle/labels/nucleus_labels/4/c/0/0",
                "coordinate/spatialdata/merge/spatialdata/test_run/merged_bundle/labels/nucleus_labels/4/zarr.json",
                "coordinate/spatialdata/merge/spatialdata/test_run/merged_bundle/labels/nucleus_labels/zarr.json",
                "coordinate/spatialdata/merge/spatialdata/test_run/merged_bundle/labels/zarr.json",
                "coordinate/spatialdata/merge/spatialdata/test_run/merged_bundle/points",
                "coordinate/spatialdata/merge/spatialdata/test_run/merged_bundle/points/raw_transcripts",
                "coordinate/spatialdata/merge/spatialdata/test_run/merged_bundle/points/raw_transcripts/points.parquet",
                "coordinate/spatialdata/merge/spatialdata/test_run/merged_bundle/points/raw_transcripts/points.parquet/part.0.parquet",
                "coordinate/spatialdata/merge/spatialdata/test_run/merged_bundle/points/raw_transcripts/zarr.json",
                "coordinate/spatialdata/merge/spatialdata/test_run/merged_bundle/points/zarr.json",
                "coordinate/spatialdata/merge/spatialdata/test_run/merged_bundle/shapes",
                "coordinate/spatialdata/merge/spatialdata/test_run/merged_bundle/shapes/raw_cell_boundaries",
                "coordinate/spatialdata/merge/spatialdata/test_run/merged_bundle/shapes/raw_cell_boundaries/shapes.parquet",
                "coordinate/spatialdata/merge/spatialdata/test_run/merged_bundle/shapes/raw_cell_boundaries/zarr.json",
                "coordinate/spatialdata/merge/spatialdata/test_run/merged_bundle/shapes/raw_cell_circles",
                "coordinate/spatialdata/merge/spatialdata/test_run/merged_bundle/shapes/raw_cell_circles/shapes.parquet",
                "coordinate/spatialdata/merge/spatialdata/test_run/merged_bundle/shapes/raw_cell_circles/zarr.json",
                "coordinate/spatialdata/merge/spatialdata/test_run/merged_bundle/shapes/raw_nucleus_boundaries",
                "coordinate/spatialdata/merge/spatialdata/test_run/merged_bundle/shapes/raw_nucleus_boundaries/shapes.parquet",
                "coordinate/spatialdata/merge/spatialdata/test_run/merged_bundle/shapes/raw_nucleus_boundaries/zarr.json",
                "coordinate/spatialdata/merge/spatialdata/test_run/merged_bundle/shapes/zarr.json",
                "coordinate/spatialdata/merge/spatialdata/test_run/merged_bundle/tables",
                "coordinate/spatialdata/merge/spatialdata/test_run/merged_bundle/zarr.json",
                "coordinate/spatialdata/meta",
                "coordinate/spatialdata/meta/spatialdata",
                "coordinate/spatialdata/meta/spatialdata/test_run",
                "coordinate/spatialdata/meta/spatialdata/test_run/metadata",
                "coordinate/spatialdata/meta/spatialdata/test_run/metadata/images",
                "coordinate/spatialdata/meta/spatialdata/test_run/metadata/images/morphology_focus",
                "coordinate/spatialdata/meta/spatialdata/test_run/metadata/images/morphology_focus/0",
                "coordinate/spatialdata/meta/spatialdata/test_run/metadata/images/morphology_focus/0/c",
                "coordinate/spatialdata/meta/spatialdata/test_run/metadata/images/morphology_focus/0/c/0",
                "coordinate/spatialdata/meta/spatialdata/test_run/metadata/images/morphology_focus/0/c/0/0",
                "coordinate/spatialdata/meta/spatialdata/test_run/metadata/images/morphology_focus/0/c/0/0/0",
                "coordinate/spatialdata/meta/spatialdata/test_run/metadata/images/morphology_focus/0/c/0/0/1",
                "coordinate/spatialdata/meta/spatialdata/test_run/metadata/images/morphology_focus/0/zarr.json",
                "coordinate/spatialdata/meta/spatialdata/test_run/metadata/images/morphology_focus/1",
                "coordinate/spatialdata/meta/spatialdata/test_run/metadata/images/morphology_focus/1/c",
                "coordinate/spatialdata/meta/spatialdata/test_run/metadata/images/morphology_focus/1/c/0",
                "coordinate/spatialdata/meta/spatialdata/test_run/metadata/images/morphology_focus/1/c/0/0",
                "coordinate/spatialdata/meta/spatialdata/test_run/metadata/images/morphology_focus/1/c/0/0/0",
                "coordinate/spatialdata/meta/spatialdata/test_run/metadata/images/morphology_focus/1/zarr.json",
                "coordinate/spatialdata/meta/spatialdata/test_run/metadata/images/morphology_focus/2",
                "coordinate/spatialdata/meta/spatialdata/test_run/metadata/images/morphology_focus/2/c",
                "coordinate/spatialdata/meta/spatialdata/test_run/metadata/images/morphology_focus/2/c/0",
                "coordinate/spatialdata/meta/spatialdata/test_run/metadata/images/morphology_focus/2/c/0/0",
                "coordinate/spatialdata/meta/spatialdata/test_run/metadata/images/morphology_focus/2/c/0/0/0",
                "coordinate/spatialdata/meta/spatialdata/test_run/metadata/images/morphology_focus/2/zarr.json",
                "coordinate/spatialdata/meta/spatialdata/test_run/metadata/images/morphology_focus/3",
                "coordinate/spatialdata/meta/spatialdata/test_run/metadata/images/morphology_focus/3/c",
                "coordinate/spatialdata/meta/spatialdata/test_run/metadata/images/morphology_focus/3/c/0",
                "coordinate/spatialdata/meta/spatialdata/test_run/metadata/images/morphology_focus/3/c/0/0",
                "coordinate/spatialdata/meta/spatialdata/test_run/metadata/images/morphology_focus/3/c/0/0/0",
                "coordinate/spatialdata/meta/spatialdata/test_run/metadata/images/morphology_focus/3/zarr.json",
                "coordinate/spatialdata/meta/spatialdata/test_run/metadata/images/morphology_focus/4",
                "coordinate/spatialdata/meta/spatialdata/test_run/metadata/images/morphology_focus/4/c",
                "coordinate/spatialdata/meta/spatialdata/test_run/metadata/images/morphology_focus/4/c/0",
                "coordinate/spatialdata/meta/spatialdata/test_run/metadata/images/morphology_focus/4/c/0/0",
                "coordinate/spatialdata/meta/spatialdata/test_run/metadata/images/morphology_focus/4/c/0/0/0",
                "coordinate/spatialdata/meta/spatialdata/test_run/metadata/images/morphology_focus/4/zarr.json",
                "coordinate/spatialdata/meta/spatialdata/test_run/metadata/images/morphology_focus/zarr.json",
                "coordinate/spatialdata/meta/spatialdata/test_run/metadata/images/zarr.json",
                "coordinate/spatialdata/meta/spatialdata/test_run/metadata/labels",
                "coordinate/spatialdata/meta/spatialdata/test_run/metadata/labels/cell_labels",
                "coordinate/spatialdata/meta/spatialdata/test_run/metadata/labels/cell_labels/0",
                "coordinate/spatialdata/meta/spatialdata/test_run/metadata/labels/cell_labels/0/c",
                "coordinate/spatialdata/meta/spatialdata/test_run/metadata/labels/cell_labels/0/c/0",
                "coordinate/spatialdata/meta/spatialdata/test_run/metadata/labels/cell_labels/0/c/0/0",
                "coordinate/spatialdata/meta/spatialdata/test_run/metadata/labels/cell_labels/0/c/0/1",
                "coordinate/spatialdata/meta/spatialdata/test_run/metadata/labels/cell_labels/0/zarr.json",
                "coordinate/spatialdata/meta/spatialdata/test_run/metadata/labels/cell_labels/1",
                "coordinate/spatialdata/meta/spatialdata/test_run/metadata/labels/cell_labels/1/c",
                "coordinate/spatialdata/meta/spatialdata/test_run/metadata/labels/cell_labels/1/c/0",
                "coordinate/spatialdata/meta/spatialdata/test_run/metadata/labels/cell_labels/1/c/0/0",
                "coordinate/spatialdata/meta/spatialdata/test_run/metadata/labels/cell_labels/1/zarr.json",
                "coordinate/spatialdata/meta/spatialdata/test_run/metadata/labels/cell_labels/2",
                "coordinate/spatialdata/meta/spatialdata/test_run/metadata/labels/cell_labels/2/c",
                "coordinate/spatialdata/meta/spatialdata/test_run/metadata/labels/cell_labels/2/c/0",
                "coordinate/spatialdata/meta/spatialdata/test_run/metadata/labels/cell_labels/2/c/0/0",
                "coordinate/spatialdata/meta/spatialdata/test_run/metadata/labels/cell_labels/2/zarr.json",
                "coordinate/spatialdata/meta/spatialdata/test_run/metadata/labels/cell_labels/3",
                "coordinate/spatialdata/meta/spatialdata/test_run/metadata/labels/cell_labels/3/c",
                "coordinate/spatialdata/meta/spatialdata/test_run/metadata/labels/cell_labels/3/c/0",
                "coordinate/spatialdata/meta/spatialdata/test_run/metadata/labels/cell_labels/3/c/0/0",
                "coordinate/spatialdata/meta/spatialdata/test_run/metadata/labels/cell_labels/3/zarr.json",
                "coordinate/spatialdata/meta/spatialdata/test_run/metadata/labels/cell_labels/4",
                "coordinate/spatialdata/meta/spatialdata/test_run/metadata/labels/cell_labels/4/c",
                "coordinate/spatialdata/meta/spatialdata/test_run/metadata/labels/cell_labels/4/c/0",
                "coordinate/spatialdata/meta/spatialdata/test_run/metadata/labels/cell_labels/4/c/0/0",
                "coordinate/spatialdata/meta/spatialdata/test_run/metadata/labels/cell_labels/4/zarr.json",
                "coordinate/spatialdata/meta/spatialdata/test_run/metadata/labels/cell_labels/zarr.json",
                "coordinate/spatialdata/meta/spatialdata/test_run/metadata/labels/nucleus_labels",
                "coordinate/spatialdata/meta/spatialdata/test_run/metadata/labels/nucleus_labels/0",
                "coordinate/spatialdata/meta/spatialdata/test_run/metadata/labels/nucleus_labels/0/c",
                "coordinate/spatialdata/meta/spatialdata/test_run/metadata/labels/nucleus_labels/0/c/0",
                "coordinate/spatialdata/meta/spatialdata/test_run/metadata/labels/nucleus_labels/0/c/0/0",
                "coordinate/spatialdata/meta/spatialdata/test_run/metadata/labels/nucleus_labels/0/c/0/1",
                "coordinate/spatialdata/meta/spatialdata/test_run/metadata/labels/nucleus_labels/0/zarr.json",
                "coordinate/spatialdata/meta/spatialdata/test_run/metadata/labels/nucleus_labels/1",
                "coordinate/spatialdata/meta/spatialdata/test_run/metadata/labels/nucleus_labels/1/c",
                "coordinate/spatialdata/meta/spatialdata/test_run/metadata/labels/nucleus_labels/1/c/0",
                "coordinate/spatialdata/meta/spatialdata/test_run/metadata/labels/nucleus_labels/1/c/0/0",
                "coordinate/spatialdata/meta/spatialdata/test_run/metadata/labels/nucleus_labels/1/zarr.json",
                "coordinate/spatialdata/meta/spatialdata/test_run/metadata/labels/nucleus_labels/2",
                "coordinate/spatialdata/meta/spatialdata/test_run/metadata/labels/nucleus_labels/2/c",
                "coordinate/spatialdata/meta/spatialdata/test_run/metadata/labels/nucleus_labels/2/c/0",
                "coordinate/spatialdata/meta/spatialdata/test_run/metadata/labels/nucleus_labels/2/c/0/0",
                "coordinate/spatialdata/meta/spatialdata/test_run/metadata/labels/nucleus_labels/2/zarr.json",
                "coordinate/spatialdata/meta/spatialdata/test_run/metadata/labels/nucleus_labels/3",
                "coordinate/spatialdata/meta/spatialdata/test_run/metadata/labels/nucleus_labels/3/c",
                "coordinate/spatialdata/meta/spatialdata/test_run/metadata/labels/nucleus_labels/3/c/0",
                "coordinate/spatialdata/meta/spatialdata/test_run/metadata/labels/nucleus_labels/3/c/0/0",
                "coordinate/spatialdata/meta/spatialdata/test_run/metadata/labels/nucleus_labels/3/zarr.json",
                "coordinate/spatialdata/meta/spatialdata/test_run/metadata/labels/nucleus_labels/4",
                "coordinate/spatialdata/meta/spatialdata/test_run/metadata/labels/nucleus_labels/4/c",
                "coordinate/spatialdata/meta/spatialdata/test_run/metadata/labels/nucleus_labels/4/c/0",
                "coordinate/spatialdata/meta/spatialdata/test_run/metadata/labels/nucleus_labels/4/c/0/0",
                "coordinate/spatialdata/meta/spatialdata/test_run/metadata/labels/nucleus_labels/4/zarr.json",
                "coordinate/spatialdata/meta/spatialdata/test_run/metadata/labels/nucleus_labels/zarr.json",
                "coordinate/spatialdata/meta/spatialdata/test_run/metadata/labels/zarr.json",
                "coordinate/spatialdata/meta/spatialdata/test_run/metadata/points",
                "coordinate/spatialdata/meta/spatialdata/test_run/metadata/points/raw_transcripts",
                "coordinate/spatialdata/meta/spatialdata/test_run/metadata/points/raw_transcripts/points.parquet",
                "coordinate/spatialdata/meta/spatialdata/test_run/metadata/points/raw_transcripts/points.parquet/part.0.parquet",
                "coordinate/spatialdata/meta/spatialdata/test_run/metadata/points/raw_transcripts/zarr.json",
                "coordinate/spatialdata/meta/spatialdata/test_run/metadata/points/zarr.json",
                "coordinate/spatialdata/meta/spatialdata/test_run/metadata/shapes",
                "coordinate/spatialdata/meta/spatialdata/test_run/metadata/shapes/raw_cell_boundaries",
                "coordinate/spatialdata/meta/spatialdata/test_run/metadata/shapes/raw_cell_boundaries/shapes.parquet",
                "coordinate/spatialdata/meta/spatialdata/test_run/metadata/shapes/raw_cell_boundaries/zarr.json",
                "coordinate/spatialdata/meta/spatialdata/test_run/metadata/shapes/raw_cell_circles",
                "coordinate/spatialdata/meta/spatialdata/test_run/metadata/shapes/raw_cell_circles/shapes.parquet",
                "coordinate/spatialdata/meta/spatialdata/test_run/metadata/shapes/raw_cell_circles/zarr.json",
                "coordinate/spatialdata/meta/spatialdata/test_run/metadata/shapes/raw_nucleus_boundaries",
                "coordinate/spatialdata/meta/spatialdata/test_run/metadata/shapes/raw_nucleus_boundaries/shapes.parquet",
                "coordinate/spatialdata/meta/spatialdata/test_run/metadata/shapes/raw_nucleus_boundaries/zarr.json",
                "coordinate/spatialdata/meta/spatialdata/test_run/metadata/shapes/zarr.json",
                "coordinate/spatialdata/meta/spatialdata/test_run/metadata/tables",
                "coordinate/spatialdata/meta/spatialdata/test_run/metadata/zarr.json",
                "coordinate/spatialdata/write",
                "coordinate/spatialdata/write/spatialdata",
                "coordinate/spatialdata/write/spatialdata/test_run",
                "coordinate/spatialdata/write/spatialdata/test_run/raw_bundle",
                "coordinate/spatialdata/write/spatialdata/test_run/raw_bundle/images",
                "coordinate/spatialdata/write/spatialdata/test_run/raw_bundle/images/morphology_focus",
                "coordinate/spatialdata/write/spatialdata/test_run/raw_bundle/images/morphology_focus/0",
                "coordinate/spatialdata/write/spatialdata/test_run/raw_bundle/images/morphology_focus/0/c",
                "coordinate/spatialdata/write/spatialdata/test_run/raw_bundle/images/morphology_focus/0/c/0",
                "coordinate/spatialdata/write/spatialdata/test_run/raw_bundle/images/morphology_focus/0/c/0/0",
                "coordinate/spatialdata/write/spatialdata/test_run/raw_bundle/images/morphology_focus/0/c/0/0/0",
                "coordinate/spatialdata/write/spatialdata/test_run/raw_bundle/images/morphology_focus/0/c/0/0/1",
                "coordinate/spatialdata/write/spatialdata/test_run/raw_bundle/images/morphology_focus/0/zarr.json",
                "coordinate/spatialdata/write/spatialdata/test_run/raw_bundle/images/morphology_focus/1",
                "coordinate/spatialdata/write/spatialdata/test_run/raw_bundle/images/morphology_focus/1/c",
                "coordinate/spatialdata/write/spatialdata/test_run/raw_bundle/images/morphology_focus/1/c/0",
                "coordinate/spatialdata/write/spatialdata/test_run/raw_bundle/images/morphology_focus/1/c/0/0",
                "coordinate/spatialdata/write/spatialdata/test_run/raw_bundle/images/morphology_focus/1/c/0/0/0",
                "coordinate/spatialdata/write/spatialdata/test_run/raw_bundle/images/morphology_focus/1/zarr.json",
                "coordinate/spatialdata/write/spatialdata/test_run/raw_bundle/images/morphology_focus/2",
                "coordinate/spatialdata/write/spatialdata/test_run/raw_bundle/images/morphology_focus/2/c",
                "coordinate/spatialdata/write/spatialdata/test_run/raw_bundle/images/morphology_focus/2/c/0",
                "coordinate/spatialdata/write/spatialdata/test_run/raw_bundle/images/morphology_focus/2/c/0/0",
                "coordinate/spatialdata/write/spatialdata/test_run/raw_bundle/images/morphology_focus/2/c/0/0/0",
                "coordinate/spatialdata/write/spatialdata/test_run/raw_bundle/images/morphology_focus/2/zarr.json",
                "coordinate/spatialdata/write/spatialdata/test_run/raw_bundle/images/morphology_focus/3",
                "coordinate/spatialdata/write/spatialdata/test_run/raw_bundle/images/morphology_focus/3/c",
                "coordinate/spatialdata/write/spatialdata/test_run/raw_bundle/images/morphology_focus/3/c/0",
                "coordinate/spatialdata/write/spatialdata/test_run/raw_bundle/images/morphology_focus/3/c/0/0",
                "coordinate/spatialdata/write/spatialdata/test_run/raw_bundle/images/morphology_focus/3/c/0/0/0",
                "coordinate/spatialdata/write/spatialdata/test_run/raw_bundle/images/morphology_focus/3/zarr.json",
                "coordinate/spatialdata/write/spatialdata/test_run/raw_bundle/images/morphology_focus/4",
                "coordinate/spatialdata/write/spatialdata/test_run/raw_bundle/images/morphology_focus/4/c",
                "coordinate/spatialdata/write/spatialdata/test_run/raw_bundle/images/morphology_focus/4/c/0",
                "coordinate/spatialdata/write/spatialdata/test_run/raw_bundle/images/morphology_focus/4/c/0/0",
                "coordinate/spatialdata/write/spatialdata/test_run/raw_bundle/images/morphology_focus/4/c/0/0/0",
                "coordinate/spatialdata/write/spatialdata/test_run/raw_bundle/images/morphology_focus/4/zarr.json",
                "coordinate/spatialdata/write/spatialdata/test_run/raw_bundle/images/morphology_focus/zarr.json",
                "coordinate/spatialdata/write/spatialdata/test_run/raw_bundle/images/zarr.json",
                "coordinate/spatialdata/write/spatialdata/test_run/raw_bundle/labels",
                "coordinate/spatialdata/write/spatialdata/test_run/raw_bundle/labels/cell_labels",
                "coordinate/spatialdata/write/spatialdata/test_run/raw_bundle/labels/cell_labels/0",
                "coordinate/spatialdata/write/spatialdata/test_run/raw_bundle/labels/cell_labels/0/c",
                "coordinate/spatialdata/write/spatialdata/test_run/raw_bundle/labels/cell_labels/0/c/0",
                "coordinate/spatialdata/write/spatialdata/test_run/raw_bundle/labels/cell_labels/0/c/0/0",
                "coordinate/spatialdata/write/spatialdata/test_run/raw_bundle/labels/cell_labels/0/c/0/1",
                "coordinate/spatialdata/write/spatialdata/test_run/raw_bundle/labels/cell_labels/0/zarr.json",
                "coordinate/spatialdata/write/spatialdata/test_run/raw_bundle/labels/cell_labels/1",
                "coordinate/spatialdata/write/spatialdata/test_run/raw_bundle/labels/cell_labels/1/c",
                "coordinate/spatialdata/write/spatialdata/test_run/raw_bundle/labels/cell_labels/1/c/0",
                "coordinate/spatialdata/write/spatialdata/test_run/raw_bundle/labels/cell_labels/1/c/0/0",
                "coordinate/spatialdata/write/spatialdata/test_run/raw_bundle/labels/cell_labels/1/zarr.json",
                "coordinate/spatialdata/write/spatialdata/test_run/raw_bundle/labels/cell_labels/2",
                "coordinate/spatialdata/write/spatialdata/test_run/raw_bundle/labels/cell_labels/2/c",
                "coordinate/spatialdata/write/spatialdata/test_run/raw_bundle/labels/cell_labels/2/c/0",
                "coordinate/spatialdata/write/spatialdata/test_run/raw_bundle/labels/cell_labels/2/c/0/0",
                "coordinate/spatialdata/write/spatialdata/test_run/raw_bundle/labels/cell_labels/2/zarr.json",
                "coordinate/spatialdata/write/spatialdata/test_run/raw_bundle/labels/cell_labels/3",
                "coordinate/spatialdata/write/spatialdata/test_run/raw_bundle/labels/cell_labels/3/c",
                "coordinate/spatialdata/write/spatialdata/test_run/raw_bundle/labels/cell_labels/3/c/0",
                "coordinate/spatialdata/write/spatialdata/test_run/raw_bundle/labels/cell_labels/3/c/0/0",
                "coordinate/spatialdata/write/spatialdata/test_run/raw_bundle/labels/cell_labels/3/zarr.json",
                "coordinate/spatialdata/write/spatialdata/test_run/raw_bundle/labels/cell_labels/4",
                "coordinate/spatialdata/write/spatialdata/test_run/raw_bundle/labels/cell_labels/4/c",
                "coordinate/spatialdata/write/spatialdata/test_run/raw_bundle/labels/cell_labels/4/c/0",
                "coordinate/spatialdata/write/spatialdata/test_run/raw_bundle/labels/cell_labels/4/c/0/0",
                "coordinate/spatialdata/write/spatialdata/test_run/raw_bundle/labels/cell_labels/4/zarr.json",
                "coordinate/spatialdata/write/spatialdata/test_run/raw_bundle/labels/cell_labels/zarr.json",
                "coordinate/spatialdata/write/spatialdata/test_run/raw_bundle/labels/nucleus_labels",
                "coordinate/spatialdata/write/spatialdata/test_run/raw_bundle/labels/nucleus_labels/0",
                "coordinate/spatialdata/write/spatialdata/test_run/raw_bundle/labels/nucleus_labels/0/c",
                "coordinate/spatialdata/write/spatialdata/test_run/raw_bundle/labels/nucleus_labels/0/c/0",
                "coordinate/spatialdata/write/spatialdata/test_run/raw_bundle/labels/nucleus_labels/0/c/0/0",
                "coordinate/spatialdata/write/spatialdata/test_run/raw_bundle/labels/nucleus_labels/0/c/0/1",
                "coordinate/spatialdata/write/spatialdata/test_run/raw_bundle/labels/nucleus_labels/0/zarr.json",
                "coordinate/spatialdata/write/spatialdata/test_run/raw_bundle/labels/nucleus_labels/1",
                "coordinate/spatialdata/write/spatialdata/test_run/raw_bundle/labels/nucleus_labels/1/c",
                "coordinate/spatialdata/write/spatialdata/test_run/raw_bundle/labels/nucleus_labels/1/c/0",
                "coordinate/spatialdata/write/spatialdata/test_run/raw_bundle/labels/nucleus_labels/1/c/0/0",
                "coordinate/spatialdata/write/spatialdata/test_run/raw_bundle/labels/nucleus_labels/1/zarr.json",
                "coordinate/spatialdata/write/spatialdata/test_run/raw_bundle/labels/nucleus_labels/2",
                "coordinate/spatialdata/write/spatialdata/test_run/raw_bundle/labels/nucleus_labels/2/c",
                "coordinate/spatialdata/write/spatialdata/test_run/raw_bundle/labels/nucleus_labels/2/c/0",
                "coordinate/spatialdata/write/spatialdata/test_run/raw_bundle/labels/nucleus_labels/2/c/0/0",
                "coordinate/spatialdata/write/spatialdata/test_run/raw_bundle/labels/nucleus_labels/2/zarr.json",
                "coordinate/spatialdata/write/spatialdata/test_run/raw_bundle/labels/nucleus_labels/3",
                "coordinate/spatialdata/write/spatialdata/test_run/raw_bundle/labels/nucleus_labels/3/c",
                "coordinate/spatialdata/write/spatialdata/test_run/raw_bundle/labels/nucleus_labels/3/c/0",
                "coordinate/spatialdata/write/spatialdata/test_run/raw_bundle/labels/nucleus_labels/3/c/0/0",
                "coordinate/spatialdata/write/spatialdata/test_run/raw_bundle/labels/nucleus_labels/3/zarr.json",
                "coordinate/spatialdata/write/spatialdata/test_run/raw_bundle/labels/nucleus_labels/4",
                "coordinate/spatialdata/write/spatialdata/test_run/raw_bundle/labels/nucleus_labels/4/c",
                "coordinate/spatialdata/write/spatialdata/test_run/raw_bundle/labels/nucleus_labels/4/c/0",
                "coordinate/spatialdata/write/spatialdata/test_run/raw_bundle/labels/nucleus_labels/4/c/0/0",
                "coordinate/spatialdata/write/spatialdata/test_run/raw_bundle/labels/nucleus_labels/4/zarr.json",
                "coordinate/spatialdata/write/spatialdata/test_run/raw_bundle/labels/nucleus_labels/zarr.json",
                "coordinate/spatialdata/write/spatialdata/test_run/raw_bundle/labels/zarr.json",
                "coordinate/spatialdata/write/spatialdata/test_run/raw_bundle/points",
                "coordinate/spatialdata/write/spatialdata/test_run/raw_bundle/points/transcripts",
                "coordinate/spatialdata/write/spatialdata/test_run/raw_bundle/points/transcripts/points.parquet",
                "coordinate/spatialdata/write/spatialdata/test_run/raw_bundle/points/transcripts/points.parquet/part.0.parquet",
                "coordinate/spatialdata/write/spatialdata/test_run/raw_bundle/points/transcripts/zarr.json",
                "coordinate/spatialdata/write/spatialdata/test_run/raw_bundle/points/zarr.json",
                "coordinate/spatialdata/write/spatialdata/test_run/raw_bundle/shapes",
                "coordinate/spatialdata/write/spatialdata/test_run/raw_bundle/shapes/cell_boundaries",
                "coordinate/spatialdata/write/spatialdata/test_run/raw_bundle/shapes/cell_boundaries/shapes.parquet",
                "coordinate/spatialdata/write/spatialdata/test_run/raw_bundle/shapes/cell_boundaries/zarr.json",
                "coordinate/spatialdata/write/spatialdata/test_run/raw_bundle/shapes/cell_circles",
                "coordinate/spatialdata/write/spatialdata/test_run/raw_bundle/shapes/cell_circles/shapes.parquet",
                "coordinate/spatialdata/write/spatialdata/test_run/raw_bundle/shapes/cell_circles/zarr.json",
                "coordinate/spatialdata/write/spatialdata/test_run/raw_bundle/shapes/nucleus_boundaries",
                "coordinate/spatialdata/write/spatialdata/test_run/raw_bundle/shapes/nucleus_boundaries/shapes.parquet",
                "coordinate/spatialdata/write/spatialdata/test_run/raw_bundle/shapes/nucleus_boundaries/zarr.json",
                "coordinate/spatialdata/write/spatialdata/test_run/raw_bundle/shapes/zarr.json",
                "coordinate/spatialdata/write/spatialdata/test_run/raw_bundle/tables",
                "coordinate/spatialdata/write/spatialdata/test_run/raw_bundle/zarr.json",
                "coordinate/spatialdata/write/spatialdata/test_run/redefined_bundle",
                "coordinate/spatialdata/write/spatialdata/test_run/redefined_bundle/images",
                "coordinate/spatialdata/write/spatialdata/test_run/redefined_bundle/images/morphology_focus",
                "coordinate/spatialdata/write/spatialdata/test_run/redefined_bundle/images/morphology_focus/0",
                "coordinate/spatialdata/write/spatialdata/test_run/redefined_bundle/images/morphology_focus/0/c",
                "coordinate/spatialdata/write/spatialdata/test_run/redefined_bundle/images/morphology_focus/0/c/0",
                "coordinate/spatialdata/write/spatialdata/test_run/redefined_bundle/images/morphology_focus/0/c/0/0",
                "coordinate/spatialdata/write/spatialdata/test_run/redefined_bundle/images/morphology_focus/0/c/0/0/0",
                "coordinate/spatialdata/write/spatialdata/test_run/redefined_bundle/images/morphology_focus/0/c/0/0/1",
                "coordinate/spatialdata/write/spatialdata/test_run/redefined_bundle/images/morphology_focus/0/zarr.json",
                "coordinate/spatialdata/write/spatialdata/test_run/redefined_bundle/images/morphology_focus/1",
                "coordinate/spatialdata/write/spatialdata/test_run/redefined_bundle/images/morphology_focus/1/c",
                "coordinate/spatialdata/write/spatialdata/test_run/redefined_bundle/images/morphology_focus/1/c/0",
                "coordinate/spatialdata/write/spatialdata/test_run/redefined_bundle/images/morphology_focus/1/c/0/0",
                "coordinate/spatialdata/write/spatialdata/test_run/redefined_bundle/images/morphology_focus/1/c/0/0/0",
                "coordinate/spatialdata/write/spatialdata/test_run/redefined_bundle/images/morphology_focus/1/zarr.json",
                "coordinate/spatialdata/write/spatialdata/test_run/redefined_bundle/images/morphology_focus/2",
                "coordinate/spatialdata/write/spatialdata/test_run/redefined_bundle/images/morphology_focus/2/c",
                "coordinate/spatialdata/write/spatialdata/test_run/redefined_bundle/images/morphology_focus/2/c/0",
                "coordinate/spatialdata/write/spatialdata/test_run/redefined_bundle/images/morphology_focus/2/c/0/0",
                "coordinate/spatialdata/write/spatialdata/test_run/redefined_bundle/images/morphology_focus/2/c/0/0/0",
                "coordinate/spatialdata/write/spatialdata/test_run/redefined_bundle/images/morphology_focus/2/zarr.json",
                "coordinate/spatialdata/write/spatialdata/test_run/redefined_bundle/images/morphology_focus/3",
                "coordinate/spatialdata/write/spatialdata/test_run/redefined_bundle/images/morphology_focus/3/c",
                "coordinate/spatialdata/write/spatialdata/test_run/redefined_bundle/images/morphology_focus/3/c/0",
                "coordinate/spatialdata/write/spatialdata/test_run/redefined_bundle/images/morphology_focus/3/c/0/0",
                "coordinate/spatialdata/write/spatialdata/test_run/redefined_bundle/images/morphology_focus/3/c/0/0/0",
                "coordinate/spatialdata/write/spatialdata/test_run/redefined_bundle/images/morphology_focus/3/zarr.json",
                "coordinate/spatialdata/write/spatialdata/test_run/redefined_bundle/images/morphology_focus/4",
                "coordinate/spatialdata/write/spatialdata/test_run/redefined_bundle/images/morphology_focus/4/c",
                "coordinate/spatialdata/write/spatialdata/test_run/redefined_bundle/images/morphology_focus/4/c/0",
                "coordinate/spatialdata/write/spatialdata/test_run/redefined_bundle/images/morphology_focus/4/c/0/0",
                "coordinate/spatialdata/write/spatialdata/test_run/redefined_bundle/images/morphology_focus/4/c/0/0/0",
                "coordinate/spatialdata/write/spatialdata/test_run/redefined_bundle/images/morphology_focus/4/zarr.json",
                "coordinate/spatialdata/write/spatialdata/test_run/redefined_bundle/images/morphology_focus/zarr.json",
                "coordinate/spatialdata/write/spatialdata/test_run/redefined_bundle/images/zarr.json",
                "coordinate/spatialdata/write/spatialdata/test_run/redefined_bundle/points",
                "coordinate/spatialdata/write/spatialdata/test_run/redefined_bundle/points/transcripts",
                "coordinate/spatialdata/write/spatialdata/test_run/redefined_bundle/points/transcripts/points.parquet",
                "coordinate/spatialdata/write/spatialdata/test_run/redefined_bundle/points/transcripts/points.parquet/part.0.parquet",
                "coordinate/spatialdata/write/spatialdata/test_run/redefined_bundle/points/transcripts/zarr.json",
                "coordinate/spatialdata/write/spatialdata/test_run/redefined_bundle/points/zarr.json",
                "coordinate/spatialdata/write/spatialdata/test_run/redefined_bundle/shapes",
                "coordinate/spatialdata/write/spatialdata/test_run/redefined_bundle/shapes/cell_boundaries",
                "coordinate/spatialdata/write/spatialdata/test_run/redefined_bundle/shapes/cell_boundaries/shapes.parquet",
                "coordinate/spatialdata/write/spatialdata/test_run/redefined_bundle/shapes/cell_boundaries/zarr.json",
                "coordinate/spatialdata/write/spatialdata/test_run/redefined_bundle/shapes/zarr.json",
                "coordinate/spatialdata/write/spatialdata/test_run/redefined_bundle/tables",
                "coordinate/spatialdata/write/spatialdata/test_run/redefined_bundle/zarr.json",
                "coordinate/untar",
                "coordinate/untar/test_run",
                "pipeline_info",
                "pipeline_info/nf_core_spatialaxe_software_mqc_versions.yml",
                "xeniumranger",
                "xeniumranger/test_run"
            ],
            [
                "multiqc_citations.txt:md5,4c806e63a283ec1b7e78cdae3a923d4f",
                "multiqc_software_versions.txt:md5,6b25b317ed5e9bda0d2c9ff6fe85eafb",
                "multiqc_citations.txt:md5,4c806e63a283ec1b7e78cdae3a923d4f",
                "multiqc_software_versions.txt:md5,6b25b317ed5e9bda0d2c9ff6fe85eafb",
                "0:md5,397dc21e479c58fd2ffcbe6c3e627683",
                "1:md5,f1a6b9238c3095bad7867b22f293e5e6",
                "zarr.json:md5,893b4d8873fc997d364288c63ef0871f",
                "0:md5,519d79fe18256d530a2070e31925fac6",
                "zarr.json:md5,9e0748b559911795c141000a77ab7e59",
                "0:md5,f349fb7934242be4cf4ac28e1a7e18f4",
                "zarr.json:md5,32b707be767bd056085d0f349d3ab68c",
                "0:md5,000e609e16f4975474a7d57eed232daa",
                "zarr.json:md5,4690fb68f05cbca9148144c85bd9687f",
                "0:md5,4890e52e8f0efc8f560bc51199d5071c",
                "zarr.json:md5,1f4482a1e3b6e9ab30623b0ad12f5213",
                "zarr.json:md5,b98263d3964a5236145ccf6c808f8919",
                "0:md5,9fbd82d28a84dddd52df1b055c00d9b0",
                "1:md5,3519dd1d29e589a2f0e87c2e0a20586b",
                "zarr.json:md5,5ad6b55efbf7ea079dc73f60af2a12cb",
                "0:md5,500e366b93160eaf9cf5ee5dcd8fdd18",
                "zarr.json:md5,cf8da18bcd5b9661012f3b120d64d5d9",
                "0:md5,264bcf6f0679d8cab53930b5182aa2ac",
                "zarr.json:md5,a03571ade1e696e2e855ed06331acd09",
                "0:md5,c416a29978b65ccec08ad8e0d3e1dcf8",
                "zarr.json:md5,be459dc60bef9886df3f9e6895430f6b",
                "0:md5,072da7c64c1dbe21a4d71c560431b96e",
                "zarr.json:md5,73b113cb0e0dd3c688b7221003ce7062",
                "zarr.json:md5,cb8cd70a8b5142c2bdcc65261f52013e",
                "0:md5,adbe51c450a9a6c9086df9ebe220eefb",
                "1:md5,7bb4eecf9fe3996a9b118082152a8750",
                "zarr.json:md5,5ad6b55efbf7ea079dc73f60af2a12cb",
                "0:md5,498463ef4033f523f8174237454f5dc7",
                "zarr.json:md5,cf8da18bcd5b9661012f3b120d64d5d9",
                "0:md5,a73b0d9b8919bb729c6eee8cf6632cd8",
                "zarr.json:md5,a03571ade1e696e2e855ed06331acd09",
                "0:md5,9efe1a6b6f8d3548f3ebdeab07e2e8b3",
                "zarr.json:md5,be459dc60bef9886df3f9e6895430f6b",
                "0:md5,4cd5ff674991828d1536bf85d47bcb0a",
                "zarr.json:md5,73b113cb0e0dd3c688b7221003ce7062",
                "zarr.json:md5,83ce0ad0ef9fc5f27b0c737f7bc2c88f",
                "0:md5,397dc21e479c58fd2ffcbe6c3e627683",
                "1:md5,f1a6b9238c3095bad7867b22f293e5e6",
                "zarr.json:md5,893b4d8873fc997d364288c63ef0871f",
                "0:md5,519d79fe18256d530a2070e31925fac6",
                "zarr.json:md5,9e0748b559911795c141000a77ab7e59",
                "0:md5,f349fb7934242be4cf4ac28e1a7e18f4",
                "zarr.json:md5,32b707be767bd056085d0f349d3ab68c",
                "0:md5,000e609e16f4975474a7d57eed232daa",
                "zarr.json:md5,4690fb68f05cbca9148144c85bd9687f",
                "0:md5,4890e52e8f0efc8f560bc51199d5071c",
                "zarr.json:md5,1f4482a1e3b6e9ab30623b0ad12f5213",
                "zarr.json:md5,b98263d3964a5236145ccf6c808f8919",
                "0:md5,9fbd82d28a84dddd52df1b055c00d9b0",
                "1:md5,3519dd1d29e589a2f0e87c2e0a20586b",
                "zarr.json:md5,5ad6b55efbf7ea079dc73f60af2a12cb",
                "0:md5,500e366b93160eaf9cf5ee5dcd8fdd18",
                "zarr.json:md5,cf8da18bcd5b9661012f3b120d64d5d9",
                "0:md5,264bcf6f0679d8cab53930b5182aa2ac",
                "zarr.json:md5,a03571ade1e696e2e855ed06331acd09",
                "0:md5,c416a29978b65ccec08ad8e0d3e1dcf8",
                "zarr.json:md5,be459dc60bef9886df3f9e6895430f6b",
                "0:md5,072da7c64c1dbe21a4d71c560431b96e",
                "zarr.json:md5,73b113cb0e0dd3c688b7221003ce7062",
                "zarr.json:md5,cb8cd70a8b5142c2bdcc65261f52013e",
                "0:md5,adbe51c450a9a6c9086df9ebe220eefb",
                "1:md5,7bb4eecf9fe3996a9b118082152a8750",
                "zarr.json:md5,5ad6b55efbf7ea079dc73f60af2a12cb",
                "0:md5,498463ef4033f523f8174237454f5dc7",
                "zarr.json:md5,cf8da18bcd5b9661012f3b120d64d5d9",
                "0:md5,a73b0d9b8919bb729c6eee8cf6632cd8",
                "zarr.json:md5,a03571ade1e696e2e855ed06331acd09",
                "0:md5,9efe1a6b6f8d3548f3ebdeab07e2e8b3",
                "zarr.json:md5,be459dc60bef9886df3f9e6895430f6b",
                "0:md5,4cd5ff674991828d1536bf85d47bcb0a",
                "zarr.json:md5,73b113cb0e0dd3c688b7221003ce7062",
                "zarr.json:md5,83ce0ad0ef9fc5f27b0c737f7bc2c88f",
                "0:md5,397dc21e479c58fd2ffcbe6c3e627683",
                "1:md5,f1a6b9238c3095bad7867b22f293e5e6",
                "zarr.json:md5,893b4d8873fc997d364288c63ef0871f",
                "0:md5,519d79fe18256d530a2070e31925fac6",
                "zarr.json:md5,9e0748b559911795c141000a77ab7e59",
                "0:md5,f349fb7934242be4cf4ac28e1a7e18f4",
                "zarr.json:md5,32b707be767bd056085d0f349d3ab68c",
                "0:md5,000e609e16f4975474a7d57eed232daa",
                "zarr.json:md5,4690fb68f05cbca9148144c85bd9687f",
                "0:md5,4890e52e8f0efc8f560bc51199d5071c",
                "zarr.json:md5,1f4482a1e3b6e9ab30623b0ad12f5213",
                "zarr.json:md5,b98263d3964a5236145ccf6c808f8919",
                "0:md5,9fbd82d28a84dddd52df1b055c00d9b0",
                "1:md5,3519dd1d29e589a2f0e87c2e0a20586b",
                "zarr.json:md5,5ad6b55efbf7ea079dc73f60af2a12cb",
                "0:md5,500e366b93160eaf9cf5ee5dcd8fdd18",
                "zarr.json:md5,cf8da18bcd5b9661012f3b120d64d5d9",
                "0:md5,264bcf6f0679d8cab53930b5182aa2ac",
                "zarr.json:md5,a03571ade1e696e2e855ed06331acd09",
                "0:md5,c416a29978b65ccec08ad8e0d3e1dcf8",
                "zarr.json:md5,be459dc60bef9886df3f9e6895430f6b",
                "0:md5,072da7c64c1dbe21a4d71c560431b96e",
                "zarr.json:md5,73b113cb0e0dd3c688b7221003ce7062",
                "zarr.json:md5,cb8cd70a8b5142c2bdcc65261f52013e",
                "0:md5,adbe51c450a9a6c9086df9ebe220eefb",
                "1:md5,7bb4eecf9fe3996a9b118082152a8750",
                "zarr.json:md5,5ad6b55efbf7ea079dc73f60af2a12cb",
                "0:md5,498463ef4033f523f8174237454f5dc7",
                "zarr.json:md5,cf8da18bcd5b9661012f3b120d64d5d9",
                "0:md5,a73b0d9b8919bb729c6eee8cf6632cd8",
                "zarr.json:md5,a03571ade1e696e2e855ed06331acd09",
                "0:md5,9efe1a6b6f8d3548f3ebdeab07e2e8b3",
                "zarr.json:md5,be459dc60bef9886df3f9e6895430f6b",
                "0:md5,4cd5ff674991828d1536bf85d47bcb0a",
                "zarr.json:md5,73b113cb0e0dd3c688b7221003ce7062",
                "zarr.json:md5,83ce0ad0ef9fc5f27b0c737f7bc2c88f",
                "0:md5,397dc21e479c58fd2ffcbe6c3e627683",
                "1:md5,f1a6b9238c3095bad7867b22f293e5e6",
                "zarr.json:md5,893b4d8873fc997d364288c63ef0871f",
                "0:md5,519d79fe18256d530a2070e31925fac6",
                "zarr.json:md5,9e0748b559911795c141000a77ab7e59",
                "0:md5,f349fb7934242be4cf4ac28e1a7e18f4",
                "zarr.json:md5,32b707be767bd056085d0f349d3ab68c",
                "0:md5,000e609e16f4975474a7d57eed232daa",
                "zarr.json:md5,4690fb68f05cbca9148144c85bd9687f",
                "0:md5,4890e52e8f0efc8f560bc51199d5071c",
                "zarr.json:md5,1f4482a1e3b6e9ab30623b0ad12f5213",
                "zarr.json:md5,b98263d3964a5236145ccf6c808f8919"
            ]
        ],
        "timestamp": "2026-08-14T15:28:21.376352619",
        "meta": {
            "nf-test": "0.9.5",
            "nextflow": "26.04.6"
        }
    }
}