{
    "-profile test stub": {
        "content": [
            {
                "PROSEG2BAYSOR": {
                    "proseg": "3.1.1"
                },
                "PROSEG": {
                    "proseg": "3.1.1"
                },
                "SPATIALDATA_MERGE_RAW_REDEFINED": {
                    "spatialdata": "0.7.2"
                },
                "SPATIALDATA_META": {
                    "spatialdata": "0.7.2"
                },
                "SPATIALDATA_WRITE_RAW_BUNDLE": {
                    "spatialdata": "0.7.2"
                },
                "SPATIALDATA_WRITE_REDEFINED_BUNDLE": {
                    "spatialdata": "0.7.2"
                },
                "UNTAR": {
                    "untar": 1.34
                },
                "Workflow": {
                    "nf-core/spatialaxe": "v1.0.1dev"
                },
                "XENIUMRANGER_IMPORTSEGMENTATION": {
                    "xeniumranger": "4.0.1.1"
                }
            },
            [
                "coordinate",
                "coordinate/multiqc",
                "coordinate/multiqc/raw_bundle",
                "coordinate/multiqc/raw_bundle/multiqc_data",
                "coordinate/multiqc/raw_bundle/multiqc_data/.stub",
                "coordinate/multiqc/raw_bundle/multiqc_plots",
                "coordinate/multiqc/raw_bundle/multiqc_plots/.stub",
                "coordinate/multiqc/raw_bundle/multiqc_report.html",
                "coordinate/multiqc/redefined_bundle",
                "coordinate/multiqc/redefined_bundle/multiqc_data",
                "coordinate/multiqc/redefined_bundle/multiqc_data/.stub",
                "coordinate/multiqc/redefined_bundle/multiqc_plots",
                "coordinate/multiqc/redefined_bundle/multiqc_plots/.stub",
                "coordinate/multiqc/redefined_bundle/multiqc_report.html",
                "coordinate/proseg",
                "coordinate/proseg/proseg",
                "coordinate/proseg/proseg/test_run.zarr",
                "coordinate/proseg/proseg/test_run_cell-metadata.csv.gz",
                "coordinate/proseg/proseg/test_run_cell-polygons-layers.geojson.gz",
                "coordinate/proseg/proseg/test_run_cell-polygons-union.geojson.gz",
                "coordinate/proseg/proseg/test_run_cell-polygons.geojson.gz",
                "coordinate/proseg/proseg/test_run_expected-counts.csv.gz",
                "coordinate/proseg/proseg/test_run_transcript-metadata.csv.gz",
                "coordinate/proseg/proseg2baysor",
                "coordinate/proseg/proseg2baysor/test_run_cell-polygons.geojson",
                "coordinate/proseg/proseg2baysor/test_run_transcript-metadata.csv",
                "coordinate/spatialdata",
                "coordinate/spatialdata/merge",
                "coordinate/spatialdata/merge/spatialdata",
                "coordinate/spatialdata/merge/spatialdata/test_run",
                "coordinate/spatialdata/merge/spatialdata/test_run/merged_bundle",
                "coordinate/spatialdata/merge/spatialdata/test_run/merged_bundle/fake_file.txt",
                "coordinate/spatialdata/meta",
                "coordinate/spatialdata/meta/spatialdata",
                "coordinate/spatialdata/meta/spatialdata/test_run",
                "coordinate/spatialdata/meta/spatialdata/test_run/metadata",
                "coordinate/spatialdata/meta/spatialdata/test_run/metadata/fake_file.txt",
                "coordinate/spatialdata/write",
                "coordinate/spatialdata/write/spatialdata",
                "coordinate/spatialdata/write/spatialdata/test_run",
                "coordinate/spatialdata/write/spatialdata/test_run/raw_bundle",
                "coordinate/spatialdata/write/spatialdata/test_run/raw_bundle/fake_file.txt",
                "coordinate/spatialdata/write/spatialdata/test_run/redefined_bundle",
                "coordinate/spatialdata/write/spatialdata/test_run/redefined_bundle/fake_file.txt",
                "coordinate/untar",
                "coordinate/untar/test_run",
                "coordinate/untar/test_run/.end-of-run",
                "coordinate/untar/test_run/analysis.tar.gz",
                "coordinate/untar/test_run/analysis.zarr.zip",
                "coordinate/untar/test_run/analysis_summary.html",
                "coordinate/untar/test_run/aux_outputs.tar.gz",
                "coordinate/untar/test_run/cell_boundaries.csv.gz",
                "coordinate/untar/test_run/cell_boundaries.parquet",
                "coordinate/untar/test_run/cell_feature_matrix.h5",
                "coordinate/untar/test_run/cell_feature_matrix.tar.gz",
                "coordinate/untar/test_run/cell_feature_matrix.zarr.zip",
                "coordinate/untar/test_run/cells.csv.gz",
                "coordinate/untar/test_run/cells.parquet",
                "coordinate/untar/test_run/cells.zarr.zip",
                "coordinate/untar/test_run/experiment.xenium",
                "coordinate/untar/test_run/gene_panel.json",
                "coordinate/untar/test_run/metrics_summary.csv",
                "coordinate/untar/test_run/morphology.ome.tif",
                "coordinate/untar/test_run/morphology_focus",
                "coordinate/untar/test_run/morphology_focus/morphology_focus_0000.ome.tif",
                "coordinate/untar/test_run/nucleus_boundaries.csv.gz",
                "coordinate/untar/test_run/nucleus_boundaries.parquet",
                "coordinate/untar/test_run/transcripts.parquet",
                "coordinate/untar/test_run/transcripts.zarr.zip",
                "pipeline_info",
                "pipeline_info/nf_core_spatialaxe_software_mqc_versions.yml",
                "xeniumranger",
                "xeniumranger/test_run",
                "xeniumranger/test_run/experiment.xenium"
            ],
            [
                ".stub:md5,d41d8cd98f00b204e9800998ecf8427e",
                ".stub:md5,d41d8cd98f00b204e9800998ecf8427e",
                "multiqc_report.html:md5,d41d8cd98f00b204e9800998ecf8427e",
                ".stub:md5,d41d8cd98f00b204e9800998ecf8427e",
                ".stub:md5,d41d8cd98f00b204e9800998ecf8427e",
                "multiqc_report.html:md5,d41d8cd98f00b204e9800998ecf8427e",
                "fake_file.txt:md5,d41d8cd98f00b204e9800998ecf8427e",
                "fake_file.txt:md5,d41d8cd98f00b204e9800998ecf8427e",
                "fake_file.txt:md5,d41d8cd98f00b204e9800998ecf8427e",
                "fake_file.txt:md5,d41d8cd98f00b204e9800998ecf8427e"
            ]
        ],
        "timestamp": "2026-08-14T11:35:32.776028015",
        "meta": {
            "nf-test": "0.9.5",
            "nextflow": "26.04.6"
        }
    }
}