{
    "-profile test stub": {
        "content": [
            {
                "BAYSOR_PREPROCESS_TRANSCRIPTS": {
                    "python": "3.14.4"
                },
                "BAYSOR_RUN": {
                    "baysor": "0.7.1"
                },
                "CELLPOSE_CELLS": {
                    "torch": "2.10.0+cu128"
                },
                "RESIZE_TIF": {
                    "tifffile": "2026.2.24"
                },
                "SPATIALDATA_MERGE_RAW_REDEFINED": {
                    "spatialdata": "0.7.2"
                },
                "SPATIALDATA_META": {
                    "spatialdata": "0.7.2"
                },
                "SPATIALDATA_WRITE_RAW_BUNDLE": {
                    "spatialdata": "0.7.2"
                },
                "SPATIALDATA_WRITE_REDEFINED_BUNDLE": {
                    "spatialdata": "0.7.2"
                },
                "UNTAR": {
                    "untar": 1.34
                },
                "Workflow": {
                    "nf-core/spatialaxe": "v1.0.1dev"
                },
                "XENIUMRANGER_IMPORTSEGMENTATION": {
                    "xeniumranger": "4.0.1.1"
                }
            },
            [
                "image",
                "image/baysor",
                "image/baysor/preprocess",
                "image/baysor/preprocess/test_run",
                "image/baysor/preprocess/test_run/filtered_transcripts.csv",
                "image/baysor/run",
                "image/baysor/run/test_run_segmentation.csv",
                "image/baysor/run/test_run_segmentation_polygons_2d.json",
                "image/cellpose_cells",
                "image/cellpose_cells/test_run",
                "image/cellpose_cells/test_run/morphology_focus_0000.ome_cp_masks.tif",
                "image/multiqc",
                "image/multiqc/raw_bundle",
                "image/multiqc/raw_bundle/multiqc_data",
                "image/multiqc/raw_bundle/multiqc_data/.stub",
                "image/multiqc/raw_bundle/multiqc_plots",
                "image/multiqc/raw_bundle/multiqc_plots/.stub",
                "image/multiqc/raw_bundle/multiqc_report.html",
                "image/multiqc/redefined_bundle",
                "image/multiqc/redefined_bundle/multiqc_data",
                "image/multiqc/redefined_bundle/multiqc_data/.stub",
                "image/multiqc/redefined_bundle/multiqc_plots",
                "image/multiqc/redefined_bundle/multiqc_plots/.stub",
                "image/multiqc/redefined_bundle/multiqc_report.html",
                "image/spatialdata",
                "image/spatialdata/merge",
                "image/spatialdata/merge/spatialdata",
                "image/spatialdata/merge/spatialdata/test_run",
                "image/spatialdata/merge/spatialdata/test_run/merged_bundle",
                "image/spatialdata/merge/spatialdata/test_run/merged_bundle/fake_file.txt",
                "image/spatialdata/meta",
                "image/spatialdata/meta/spatialdata",
                "image/spatialdata/meta/spatialdata/test_run",
                "image/spatialdata/meta/spatialdata/test_run/metadata",
                "image/spatialdata/meta/spatialdata/test_run/metadata/fake_file.txt",
                "image/spatialdata/write",
                "image/spatialdata/write/spatialdata",
                "image/spatialdata/write/spatialdata/test_run",
                "image/spatialdata/write/spatialdata/test_run/raw_bundle",
                "image/spatialdata/write/spatialdata/test_run/raw_bundle/fake_file.txt",
                "image/spatialdata/write/spatialdata/test_run/redefined_bundle",
                "image/spatialdata/write/spatialdata/test_run/redefined_bundle/fake_file.txt",
                "image/untar",
                "image/untar/test_run",
                "image/untar/test_run/.end-of-run",
                "image/untar/test_run/analysis.tar.gz",
                "image/untar/test_run/analysis.zarr.zip",
                "image/untar/test_run/analysis_summary.html",
                "image/untar/test_run/aux_outputs.tar.gz",
                "image/untar/test_run/cell_boundaries.csv.gz",
                "image/untar/test_run/cell_boundaries.parquet",
                "image/untar/test_run/cell_feature_matrix.h5",
                "image/untar/test_run/cell_feature_matrix.tar.gz",
                "image/untar/test_run/cell_feature_matrix.zarr.zip",
                "image/untar/test_run/cells.csv.gz",
                "image/untar/test_run/cells.parquet",
                "image/untar/test_run/cells.zarr.zip",
                "image/untar/test_run/experiment.xenium",
                "image/untar/test_run/gene_panel.json",
                "image/untar/test_run/metrics_summary.csv",
                "image/untar/test_run/morphology.ome.tif",
                "image/untar/test_run/morphology_focus",
                "image/untar/test_run/morphology_focus/morphology_focus_0000.ome.tif",
                "image/untar/test_run/nucleus_boundaries.csv.gz",
                "image/untar/test_run/nucleus_boundaries.parquet",
                "image/untar/test_run/transcripts.parquet",
                "image/untar/test_run/transcripts.zarr.zip",
                "image/utility",
                "image/utility/resize_tif",
                "image/utility/resize_tif/test_run",
                "image/utility/resize_tif/test_run/resized_morphology_focus_0000.ome_cp_masks.tif.tif",
                "pipeline_info",
                "pipeline_info/nf_core_spatialaxe_software_mqc_versions.yml",
                "xeniumranger",
                "xeniumranger/test_run",
                "xeniumranger/test_run/experiment.xenium"
            ],
            [
                "filtered_transcripts.csv:md5,d41d8cd98f00b204e9800998ecf8427e",
                "test_run_segmentation.csv:md5,d41d8cd98f00b204e9800998ecf8427e",
                "test_run_segmentation_polygons_2d.json:md5,d41d8cd98f00b204e9800998ecf8427e",
                "morphology_focus_0000.ome_cp_masks.tif:md5,d41d8cd98f00b204e9800998ecf8427e",
                ".stub:md5,d41d8cd98f00b204e9800998ecf8427e",
                ".stub:md5,d41d8cd98f00b204e9800998ecf8427e",
                "multiqc_report.html:md5,d41d8cd98f00b204e9800998ecf8427e",
                ".stub:md5,d41d8cd98f00b204e9800998ecf8427e",
                ".stub:md5,d41d8cd98f00b204e9800998ecf8427e",
                "multiqc_report.html:md5,d41d8cd98f00b204e9800998ecf8427e",
                "fake_file.txt:md5,d41d8cd98f00b204e9800998ecf8427e",
                "fake_file.txt:md5,d41d8cd98f00b204e9800998ecf8427e",
                "fake_file.txt:md5,d41d8cd98f00b204e9800998ecf8427e",
                "fake_file.txt:md5,d41d8cd98f00b204e9800998ecf8427e",
                ".end-of-run:md5,d41d8cd98f00b204e9800998ecf8427e",
                "analysis.tar.gz:md5,d41d8cd98f00b204e9800998ecf8427e",
                "analysis.zarr.zip:md5,d41d8cd98f00b204e9800998ecf8427e",
                "analysis_summary.html:md5,d41d8cd98f00b204e9800998ecf8427e",
                "aux_outputs.tar.gz:md5,d41d8cd98f00b204e9800998ecf8427e",
                "cell_boundaries.csv.gz:md5,d41d8cd98f00b204e9800998ecf8427e",
                "cell_boundaries.parquet:md5,d41d8cd98f00b204e9800998ecf8427e",
                "cell_feature_matrix.h5:md5,d41d8cd98f00b204e9800998ecf8427e",
                "cell_feature_matrix.tar.gz:md5,d41d8cd98f00b204e9800998ecf8427e",
                "cell_feature_matrix.zarr.zip:md5,d41d8cd98f00b204e9800998ecf8427e",
                "cells.csv.gz:md5,d41d8cd98f00b204e9800998ecf8427e",
                "cells.parquet:md5,d41d8cd98f00b204e9800998ecf8427e",
                "cells.zarr.zip:md5,d41d8cd98f00b204e9800998ecf8427e",
                "experiment.xenium:md5,d41d8cd98f00b204e9800998ecf8427e",
                "gene_panel.json:md5,d41d8cd98f00b204e9800998ecf8427e",
                "metrics_summary.csv:md5,d41d8cd98f00b204e9800998ecf8427e",
                "morphology.ome.tif:md5,d41d8cd98f00b204e9800998ecf8427e",
                "morphology_focus_0000.ome.tif:md5,d41d8cd98f00b204e9800998ecf8427e",
                "nucleus_boundaries.csv.gz:md5,d41d8cd98f00b204e9800998ecf8427e",
                "nucleus_boundaries.parquet:md5,d41d8cd98f00b204e9800998ecf8427e",
                "transcripts.parquet:md5,d41d8cd98f00b204e9800998ecf8427e",
                "transcripts.zarr.zip:md5,d41d8cd98f00b204e9800998ecf8427e",
                "resized_morphology_focus_0000.ome_cp_masks.tif.tif:md5,d41d8cd98f00b204e9800998ecf8427e"
            ]
        ],
        "timestamp": "2026-08-14T11:37:37.301529638",
        "meta": {
            "nf-test": "0.9.5",
            "nextflow": "26.04.6"
        }
    }
}