{
    "-profile test stub": {
        "content": [
            {
                "BAYSOR_CREATE_DATASET": {
                    "baysor": "0.7.1"
                },
                "BAYSOR_PREVIEW": {
                    "baysor": "0.7.1"
                },
                "EXTRACT_PREVIEW_DATA": {
                    "python": "3.14.4"
                },
                "PARQUET_TO_CSV": {
                    "pyarrow": "24.0.0"
                },
                "UNTAR": {
                    "untar": 1.34
                },
                "Workflow": {
                    "nf-core/spatialaxe": "v1.0.1dev"
                }
            },
            [
                "pipeline_info",
                "pipeline_info/nf_core_spatialaxe_software_mqc_versions.yml",
                "preview",
                "preview/baysor",
                "preview/baysor/create_dataset",
                "preview/baysor/create_dataset/test_run",
                "preview/baysor/create_dataset/test_run/sampled_transcripts.csv",
                "preview/baysor/preview",
                "preview/baysor/preview/test_run",
                "preview/baysor/preview/test_run/preview.html",
                "preview/multiqc",
                "preview/multiqc/raw_bundle",
                "preview/multiqc/raw_bundle/multiqc_data",
                "preview/multiqc/raw_bundle/multiqc_data/.stub",
                "preview/multiqc/raw_bundle/multiqc_plots",
                "preview/multiqc/raw_bundle/multiqc_plots/.stub",
                "preview/multiqc/raw_bundle/multiqc_report.html",
                "preview/multiqc/redefined_bundle",
                "preview/multiqc/redefined_bundle/multiqc_data",
                "preview/multiqc/redefined_bundle/multiqc_data/.stub",
                "preview/multiqc/redefined_bundle/multiqc_plots",
                "preview/multiqc/redefined_bundle/multiqc_plots/.stub",
                "preview/multiqc/redefined_bundle/multiqc_report.html",
                "preview/untar",
                "preview/untar/test_run",
                "preview/untar/test_run/.end-of-run",
                "preview/untar/test_run/analysis.tar.gz",
                "preview/untar/test_run/analysis.zarr.zip",
                "preview/untar/test_run/analysis_summary.html",
                "preview/untar/test_run/aux_outputs.tar.gz",
                "preview/untar/test_run/cell_boundaries.csv.gz",
                "preview/untar/test_run/cell_boundaries.parquet",
                "preview/untar/test_run/cell_feature_matrix.h5",
                "preview/untar/test_run/cell_feature_matrix.tar.gz",
                "preview/untar/test_run/cell_feature_matrix.zarr.zip",
                "preview/untar/test_run/cells.csv.gz",
                "preview/untar/test_run/cells.parquet",
                "preview/untar/test_run/cells.zarr.zip",
                "preview/untar/test_run/experiment.xenium",
                "preview/untar/test_run/gene_panel.json",
                "preview/untar/test_run/metrics_summary.csv",
                "preview/untar/test_run/morphology.ome.tif",
                "preview/untar/test_run/morphology_focus",
                "preview/untar/test_run/morphology_focus/morphology_focus_0000.ome.tif",
                "preview/untar/test_run/nucleus_boundaries.csv.gz",
                "preview/untar/test_run/nucleus_boundaries.parquet",
                "preview/untar/test_run/transcripts.parquet",
                "preview/untar/test_run/transcripts.zarr.zip",
                "preview/utility",
                "preview/utility/parquet_to_csv",
                "preview/utility/parquet_to_csv/test_run",
                "preview/utility/parquet_to_csv/test_run/transcripts.parquet.csv",
                "preview/utility/preview_data",
                "preview/utility/preview_data/test_run",
                "preview/utility/preview_data/test_run/gene_structure_mqc.tsv",
                "preview/utility/preview_data/test_run/noise_distribution_mqc.tsv",
                "preview/utility/preview_data/test_run/noise_level_mqc.png",
                "preview/utility/preview_data/test_run/transcript_plots_mqc.png",
                "preview/utility/preview_data/test_run/umap_mqc.tsv"
            ],
            [
                "sampled_transcripts.csv:md5,d41d8cd98f00b204e9800998ecf8427e",
                "preview.html:md5,d41d8cd98f00b204e9800998ecf8427e",
                ".stub:md5,d41d8cd98f00b204e9800998ecf8427e",
                ".stub:md5,d41d8cd98f00b204e9800998ecf8427e",
                "multiqc_report.html:md5,d41d8cd98f00b204e9800998ecf8427e",
                ".stub:md5,d41d8cd98f00b204e9800998ecf8427e",
                ".stub:md5,d41d8cd98f00b204e9800998ecf8427e",
                "multiqc_report.html:md5,d41d8cd98f00b204e9800998ecf8427e",
                ".end-of-run:md5,d41d8cd98f00b204e9800998ecf8427e",
                "analysis.tar.gz:md5,d41d8cd98f00b204e9800998ecf8427e",
                "analysis.zarr.zip:md5,d41d8cd98f00b204e9800998ecf8427e",
                "analysis_summary.html:md5,d41d8cd98f00b204e9800998ecf8427e",
                "aux_outputs.tar.gz:md5,d41d8cd98f00b204e9800998ecf8427e",
                "cell_boundaries.csv.gz:md5,d41d8cd98f00b204e9800998ecf8427e",
                "cell_boundaries.parquet:md5,d41d8cd98f00b204e9800998ecf8427e",
                "cell_feature_matrix.h5:md5,d41d8cd98f00b204e9800998ecf8427e",
                "cell_feature_matrix.tar.gz:md5,d41d8cd98f00b204e9800998ecf8427e",
                "cell_feature_matrix.zarr.zip:md5,d41d8cd98f00b204e9800998ecf8427e",
                "cells.csv.gz:md5,d41d8cd98f00b204e9800998ecf8427e",
                "cells.parquet:md5,d41d8cd98f00b204e9800998ecf8427e",
                "cells.zarr.zip:md5,d41d8cd98f00b204e9800998ecf8427e",
                "experiment.xenium:md5,d41d8cd98f00b204e9800998ecf8427e",
                "gene_panel.json:md5,d41d8cd98f00b204e9800998ecf8427e",
                "metrics_summary.csv:md5,d41d8cd98f00b204e9800998ecf8427e",
                "morphology.ome.tif:md5,d41d8cd98f00b204e9800998ecf8427e",
                "morphology_focus_0000.ome.tif:md5,d41d8cd98f00b204e9800998ecf8427e",
                "nucleus_boundaries.csv.gz:md5,d41d8cd98f00b204e9800998ecf8427e",
                "nucleus_boundaries.parquet:md5,d41d8cd98f00b204e9800998ecf8427e",
                "transcripts.parquet:md5,d41d8cd98f00b204e9800998ecf8427e",
                "transcripts.zarr.zip:md5,d41d8cd98f00b204e9800998ecf8427e",
                "transcripts.parquet.csv:md5,d41d8cd98f00b204e9800998ecf8427e",
                "gene_structure_mqc.tsv:md5,d41d8cd98f00b204e9800998ecf8427e",
                "noise_distribution_mqc.tsv:md5,d41d8cd98f00b204e9800998ecf8427e",
                "noise_level_mqc.png:md5,d41d8cd98f00b204e9800998ecf8427e",
                "transcript_plots_mqc.png:md5,d41d8cd98f00b204e9800998ecf8427e",
                "umap_mqc.tsv:md5,d41d8cd98f00b204e9800998ecf8427e"
            ]
        ],
        "timestamp": "2026-08-14T11:36:14.951666276",
        "meta": {
            "nf-test": "0.9.5",
            "nextflow": "26.04.6"
        }
    }
}