{
    "-profile test stub": {
        "content": [
            {
                "ANALYSIS": {
                    "seaborn": "0.13.2"
                },
                "BAYSOR_PREPROCESS_TRANSCRIPTS": {
                    "python": "3.14.4"
                },
                "BAYSOR_SEGFREE": {
                    "baysor": "0.7.1"
                },
                "REPORT": {
                    "quarto": "1.6.42"
                },
                "UNTAR": {
                    "untar": 1.34
                },
                "Workflow": {
                    "nf-core/spatialaxe": "v1.0.1dev"
                }
            },
            [
                "pipeline_info",
                "pipeline_info/nf_core_spatialaxe_software_mqc_versions.yml",
                "segfree",
                "segfree/baysor",
                "segfree/baysor/preprocess",
                "segfree/baysor/preprocess/test_run",
                "segfree/baysor/preprocess/test_run/filtered_transcripts.csv",
                "segfree/baysor/segfree",
                "segfree/baysor/segfree/test_run",
                "segfree/baysor/segfree/test_run/ncvs.loom",
                "segfree/multiqc",
                "segfree/multiqc/raw_bundle",
                "segfree/multiqc/raw_bundle/multiqc_data",
                "segfree/multiqc/raw_bundle/multiqc_data/.stub",
                "segfree/multiqc/raw_bundle/multiqc_plots",
                "segfree/multiqc/raw_bundle/multiqc_plots/.stub",
                "segfree/multiqc/raw_bundle/multiqc_report.html",
                "segfree/multiqc/redefined_bundle",
                "segfree/multiqc/redefined_bundle/multiqc_data",
                "segfree/multiqc/redefined_bundle/multiqc_data/.stub",
                "segfree/multiqc/redefined_bundle/multiqc_plots",
                "segfree/multiqc/redefined_bundle/multiqc_plots/.stub",
                "segfree/multiqc/redefined_bundle/multiqc_report.html",
                "segfree/qc",
                "segfree/qc/image_qc",
                "segfree/qc/image_qc/figures",
                "segfree/qc/image_qc/image_qc.html",
                "segfree/qc/image_qc/image_qc_metrics.csv",
                "segfree/qc/image_qc/image_qc_metrics.json",
                "segfree/qc/transcript_qc",
                "segfree/qc/transcript_qc/figures",
                "segfree/qc/transcript_qc/transcript_qc.html",
                "segfree/qc/transcript_qc/transcript_qc_metrics.json",
                "segfree/untar",
                "segfree/untar/test_run",
                "segfree/untar/test_run/.end-of-run",
                "segfree/untar/test_run/analysis.tar.gz",
                "segfree/untar/test_run/analysis.zarr.zip",
                "segfree/untar/test_run/analysis_summary.html",
                "segfree/untar/test_run/aux_outputs.tar.gz",
                "segfree/untar/test_run/cell_boundaries.csv.gz",
                "segfree/untar/test_run/cell_boundaries.parquet",
                "segfree/untar/test_run/cell_feature_matrix.h5",
                "segfree/untar/test_run/cell_feature_matrix.tar.gz",
                "segfree/untar/test_run/cell_feature_matrix.zarr.zip",
                "segfree/untar/test_run/cells.csv.gz",
                "segfree/untar/test_run/cells.parquet",
                "segfree/untar/test_run/cells.zarr.zip",
                "segfree/untar/test_run/experiment.xenium",
                "segfree/untar/test_run/gene_panel.json",
                "segfree/untar/test_run/metrics_summary.csv",
                "segfree/untar/test_run/morphology.ome.tif",
                "segfree/untar/test_run/morphology_focus",
                "segfree/untar/test_run/morphology_focus/morphology_focus_0000.ome.tif",
                "segfree/untar/test_run/nucleus_boundaries.csv.gz",
                "segfree/untar/test_run/nucleus_boundaries.parquet",
                "segfree/untar/test_run/transcripts.parquet",
                "segfree/untar/test_run/transcripts.zarr.zip"
            ],
            [
                "filtered_transcripts.csv:md5,d41d8cd98f00b204e9800998ecf8427e",
                "ncvs.loom:md5,d41d8cd98f00b204e9800998ecf8427e",
                ".stub:md5,d41d8cd98f00b204e9800998ecf8427e",
                ".stub:md5,d41d8cd98f00b204e9800998ecf8427e",
                "multiqc_report.html:md5,d41d8cd98f00b204e9800998ecf8427e",
                ".stub:md5,d41d8cd98f00b204e9800998ecf8427e",
                ".stub:md5,d41d8cd98f00b204e9800998ecf8427e",
                "multiqc_report.html:md5,d41d8cd98f00b204e9800998ecf8427e",
                "image_qc_metrics.csv:md5,d41d8cd98f00b204e9800998ecf8427e",
                "image_qc_metrics.json:md5,d41d8cd98f00b204e9800998ecf8427e",
                "transcript_qc_metrics.json:md5,d41d8cd98f00b204e9800998ecf8427e",
                ".end-of-run:md5,d41d8cd98f00b204e9800998ecf8427e",
                "analysis.tar.gz:md5,d41d8cd98f00b204e9800998ecf8427e",
                "analysis.zarr.zip:md5,d41d8cd98f00b204e9800998ecf8427e",
                "analysis_summary.html:md5,d41d8cd98f00b204e9800998ecf8427e",
                "aux_outputs.tar.gz:md5,d41d8cd98f00b204e9800998ecf8427e",
                "cell_boundaries.csv.gz:md5,d41d8cd98f00b204e9800998ecf8427e",
                "cell_boundaries.parquet:md5,d41d8cd98f00b204e9800998ecf8427e",
                "cell_feature_matrix.h5:md5,d41d8cd98f00b204e9800998ecf8427e",
                "cell_feature_matrix.tar.gz:md5,d41d8cd98f00b204e9800998ecf8427e",
                "cell_feature_matrix.zarr.zip:md5,d41d8cd98f00b204e9800998ecf8427e",
                "cells.csv.gz:md5,d41d8cd98f00b204e9800998ecf8427e",
                "cells.parquet:md5,d41d8cd98f00b204e9800998ecf8427e",
                "cells.zarr.zip:md5,d41d8cd98f00b204e9800998ecf8427e",
                "experiment.xenium:md5,d41d8cd98f00b204e9800998ecf8427e",
                "gene_panel.json:md5,d41d8cd98f00b204e9800998ecf8427e",
                "metrics_summary.csv:md5,d41d8cd98f00b204e9800998ecf8427e",
                "morphology.ome.tif:md5,d41d8cd98f00b204e9800998ecf8427e",
                "morphology_focus_0000.ome.tif:md5,d41d8cd98f00b204e9800998ecf8427e",
                "nucleus_boundaries.csv.gz:md5,d41d8cd98f00b204e9800998ecf8427e",
                "nucleus_boundaries.parquet:md5,d41d8cd98f00b204e9800998ecf8427e",
                "transcripts.parquet:md5,d41d8cd98f00b204e9800998ecf8427e",
                "transcripts.zarr.zip:md5,d41d8cd98f00b204e9800998ecf8427e"
            ]
        ],
        "timestamp": "2026-08-21T19:49:39.057225447",
        "meta": {
            "nf-test": "0.9.5",
            "nextflow": "26.04.6"
        }
    }
}