{
    "-profile test": {
        "content": [
            {
                "ANALYSIS": {
                    "seaborn": "0.13.2"
                },
                "REPORT": {
                    "quarto": "1.6.42"
                },
                "SPATIALDATA_WRITE_RAW_BUNDLE": {
                    "spatialdata": "0.7.2"
                },
                "SPOQC_AMBIENT": {
                    "spoqc": "0.1.0"
                },
                "SPOQC_ANALYSIS_CATEGORY": {
                    "spoqc": "0.1.0"
                },
                "SPOQC_ANALYSIS_CLUSTER": {
                    "spoqc": "0.1.0"
                },
                "SPOQC_ANALYSIS_OVERVIEW": {
                    "spoqc": "0.1.0"
                },
                "SPOQC_ANNOTATION": {
                    "spoqc": "0.1.0"
                },
                "SPOQC_BUBBLE": {
                    "spoqc": "0.1.0"
                },
                "SPOQC_CELL": {
                    "spoqc": "0.1.0"
                },
                "SPOQC_CELLCYCLE": {
                    "spoqc": "0.1.0"
                },
                "SPOQC_COMBINE_MASKS": {
                    "spoqc": "0.1.0"
                },
                "SPOQC_DOUBLET": {
                    "spoqc": "0.1.0"
                },
                "SPOQC_FINALREPORT": {
                    "spoqc": "0.1.0"
                },
                "SPOQC_GENERAL": {
                    "spoqc": "0.1.0"
                },
                "SPOQC_HQCR_CELLTYPE": {
                    "spoqc": "0.1.0"
                },
                "SPOQC_HQCR_IDENT": {
                    "spoqc": "0.1.0"
                },
                "SPOQC_HQPR_BOUNDING_BOX": {
                    "spoqc": "0.1.0"
                },
                "SPOQC_HQPR_CELLTYPE": {
                    "spoqc": "0.1.0"
                },
                "SPOQC_HQPR_CLUSTERING": {
                    "spoqc": "0.1.0"
                },
                "SPOQC_HQPR_METRICES": {
                    "spoqc": "0.1.0"
                },
                "SPOQC_HQPR_REFINEMENT": {
                    "spoqc": "0.1.0"
                },
                "SPOQC_HQTR_AC": {
                    "spoqc": "0.1.0"
                },
                "SPOQC_HQTR_BOUNDING_BOX": {
                    "spoqc": "0.1.0"
                },
                "SPOQC_HQTR_CELLTYPE": {
                    "spoqc": "0.1.0"
                },
                "SPOQC_HQTR_CLUSTERING": {
                    "spoqc": "0.1.0"
                },
                "SPOQC_HQTR_METRICES": {
                    "spoqc": "0.1.0"
                },
                "SPOQC_HQTR_QV": {
                    "spoqc": "0.1.0"
                },
                "SPOQC_HQTR_REFINEMENT": {
                    "spoqc": "0.1.0"
                },
                "SPOQC_MODEL": {
                    "spoqc": "0.1.0"
                },
                "SPOQC_TRANSCRIPT": {
                    "spoqc": "0.1.0"
                },
                "SPOQC_VOID": {
                    "spoqc": "0.1.0"
                },
                "SPOQC_WHOLE_SLIDE": {
                    "spoqc": "0.1.0"
                },
                "UNTAR": {
                    "untar": 1.34
                },
                "Workflow": {
                    "nf-core/spatialaxe": "v1.0.1dev"
                }
            },
            [
                "pipeline_info",
                "pipeline_info/nf_core_spatialaxe_software_mqc_versions.yml",
                "qc",
                "qc/multiqc",
                "qc/multiqc/raw_bundle",
                "qc/multiqc/raw_bundle/MultiQC-Pre-Xeniumranger-import-segmentation-Run_multiqc_report.html",
                "qc/multiqc/raw_bundle/MultiQC-Pre-Xeniumranger-import-segmentation-Run_multiqc_report_data",
                "qc/multiqc/raw_bundle/MultiQC-Pre-Xeniumranger-import-segmentation-Run_multiqc_report_data/llms-full.txt",
                "qc/multiqc/raw_bundle/MultiQC-Pre-Xeniumranger-import-segmentation-Run_multiqc_report_data/multiqc.log",
                "qc/multiqc/raw_bundle/MultiQC-Pre-Xeniumranger-import-segmentation-Run_multiqc_report_data/multiqc.parquet",
                "qc/multiqc/raw_bundle/MultiQC-Pre-Xeniumranger-import-segmentation-Run_multiqc_report_data/multiqc_citations.txt",
                "qc/multiqc/raw_bundle/MultiQC-Pre-Xeniumranger-import-segmentation-Run_multiqc_report_data/multiqc_data.json",
                "qc/multiqc/raw_bundle/MultiQC-Pre-Xeniumranger-import-segmentation-Run_multiqc_report_data/multiqc_general_stats.txt",
                "qc/multiqc/raw_bundle/MultiQC-Pre-Xeniumranger-import-segmentation-Run_multiqc_report_data/multiqc_software_versions.txt",
                "qc/multiqc/raw_bundle/MultiQC-Pre-Xeniumranger-import-segmentation-Run_multiqc_report_data/multiqc_sources.txt",
                "qc/multiqc/raw_bundle/MultiQC-Pre-Xeniumranger-import-segmentation-Run_multiqc_report_data/multiqc_xenium.txt",
                "qc/multiqc/raw_bundle/MultiQC-Pre-Xeniumranger-import-segmentation-Run_multiqc_report_data/xenium_fov_quality_ranges.txt",
                "qc/multiqc/raw_bundle/MultiQC-Pre-Xeniumranger-import-segmentation-Run_multiqc_report_data/xenium_segmentation.txt",
                "qc/multiqc/raw_bundle/MultiQC-Pre-Xeniumranger-import-segmentation-Run_multiqc_report_data/xenium_transcript_quality_per_sample_table.txt",
                "qc/multiqc/raw_bundle/MultiQC-Pre-Xeniumranger-import-segmentation-Run_multiqc_report_data/xenium_transcripts_per_gene.txt",
                "qc/multiqc/redefined_bundle",
                "qc/multiqc/redefined_bundle/MultiQC-Post-Xeniumranger-import-segmentation-Run_multiqc_report.html",
                "qc/multiqc/redefined_bundle/MultiQC-Post-Xeniumranger-import-segmentation-Run_multiqc_report_data",
                "qc/multiqc/redefined_bundle/MultiQC-Post-Xeniumranger-import-segmentation-Run_multiqc_report_data/llms-full.txt",
                "qc/multiqc/redefined_bundle/MultiQC-Post-Xeniumranger-import-segmentation-Run_multiqc_report_data/multiqc.log",
                "qc/multiqc/redefined_bundle/MultiQC-Post-Xeniumranger-import-segmentation-Run_multiqc_report_data/multiqc.parquet",
                "qc/multiqc/redefined_bundle/MultiQC-Post-Xeniumranger-import-segmentation-Run_multiqc_report_data/multiqc_citations.txt",
                "qc/multiqc/redefined_bundle/MultiQC-Post-Xeniumranger-import-segmentation-Run_multiqc_report_data/multiqc_data.json",
                "qc/multiqc/redefined_bundle/MultiQC-Post-Xeniumranger-import-segmentation-Run_multiqc_report_data/multiqc_general_stats.txt",
                "qc/multiqc/redefined_bundle/MultiQC-Post-Xeniumranger-import-segmentation-Run_multiqc_report_data/multiqc_software_versions.txt",
                "qc/multiqc/redefined_bundle/MultiQC-Post-Xeniumranger-import-segmentation-Run_multiqc_report_data/multiqc_sources.txt",
                "qc/multiqc/redefined_bundle/MultiQC-Post-Xeniumranger-import-segmentation-Run_multiqc_report_data/multiqc_xenium.txt",
                "qc/multiqc/redefined_bundle/MultiQC-Post-Xeniumranger-import-segmentation-Run_multiqc_report_data/xenium_fov_quality_ranges.txt",
                "qc/multiqc/redefined_bundle/MultiQC-Post-Xeniumranger-import-segmentation-Run_multiqc_report_data/xenium_segmentation.txt",
                "qc/multiqc/redefined_bundle/MultiQC-Post-Xeniumranger-import-segmentation-Run_multiqc_report_data/xenium_transcript_quality_per_sample_table.txt",
                "qc/multiqc/redefined_bundle/MultiQC-Post-Xeniumranger-import-segmentation-Run_multiqc_report_data/xenium_transcripts_per_gene.txt",
                "qc/qc",
                "qc/qc/image_qc",
                "qc/qc/image_qc/SNR_roi_tx.parquet",
                "qc/qc/image_qc/dense_intensity_regions_summary.csv",
                "qc/qc/image_qc/figures",
                "qc/qc/image_qc/figures/ccfs_thresholded.png",
                "qc/qc/image_qc/figures/cell_flagged_maps.png",
                "qc/qc/image_qc/figures/dapi_intensity_vs_transcripts_log.png",
                "qc/qc/image_qc/figures/distance_map_edge.pdf",
                "qc/qc/image_qc/figures/distance_map_edge.png",
                "qc/qc/image_qc/figures/distance_map_holes.pdf",
                "qc/qc/image_qc/figures/distance_map_holes.png",
                "qc/qc/image_qc/figures/distance_maps.pdf",
                "qc/qc/image_qc/figures/distance_maps.png",
                "qc/qc/image_qc/figures/figures_methodology_assessment",
                "qc/qc/image_qc/figures/gmm_focus_vs_transcripts.png",
                "qc/qc/image_qc/figures/grid_roi_focus_heatmap.png",
                "qc/qc/image_qc/figures/imageqc_masks.pdf",
                "qc/qc/image_qc/figures/imageqc_masks.png",
                "qc/qc/image_qc/figures/intensity_assessment.pdf",
                "qc/qc/image_qc/figures/intensity_assessment.png",
                "qc/qc/image_qc/figures/nuclear_texture_vs_transcripts_log.png",
                "qc/qc/image_qc/figures/roi_focus_vs_intensity.pdf",
                "qc/qc/image_qc/figures/roi_focus_vs_intensity.png",
                "qc/qc/image_qc/figures/tile_blur_proportions_roi.png",
                "qc/qc/image_qc/figures/tile_focus_gmm_spatial.png",
                "qc/qc/image_qc/figures_cell_centred",
                "qc/qc/image_qc/figures_cell_centred/cell_flagged_maps.png",
                "qc/qc/image_qc/figures_cell_centred/dapi_intensity_vs_transcripts_log.png",
                "qc/qc/image_qc/figures_cell_centred/gmm_focus_vs_transcripts.png",
                "qc/qc/image_qc/figures_cell_centred/tile_blur_proportions_roi.png",
                "qc/qc/image_qc/figures_cell_centred/tile_focus_gmm_spatial.png",
                "qc/qc/image_qc/grid_roi_focus_scores.csv",
                "qc/qc/image_qc/image_qc.html",
                "qc/qc/image_qc/image_qc_cell_metrics.csv",
                "qc/qc/image_qc/image_qc_cell_metrics.json",
                "qc/qc/image_qc/image_qc_metrics.csv",
                "qc/qc/image_qc/image_qc_metrics.json",
                "qc/qc/image_qc/image_qc_status.json",
                "qc/qc/image_qc/intensity_assessment.json",
                "qc/qc/image_qc/roi_blur_threshold.json",
                "qc/qc/image_qc/roi_count.txt",
                "qc/qc/image_qc/roi_qc_metrics.json",
                "qc/qc/image_qc/roi_size.txt",
                "qc/qc/image_qc/snr_metrics.json",
                "qc/qc/image_qc/versions.yml",
                "qc/qc/transcript_qc",
                "qc/qc/transcript_qc/df_spatial_quality.csv",
                "qc/qc/transcript_qc/figures",
                "qc/qc/transcript_qc/figures/cell_size_distribution.pdf",
                "qc/qc/transcript_qc/figures/cell_size_distribution.png",
                "qc/qc/transcript_qc/figures/cell_size_distribution_log.pdf",
                "qc/qc/transcript_qc/figures/cell_size_distribution_log.png",
                "qc/qc/transcript_qc/figures/nucleus_to_cell_size_fraction_per_cell_distribution.pdf",
                "qc/qc/transcript_qc/figures/nucleus_to_cell_size_fraction_per_cell_distribution.png",
                "qc/qc/transcript_qc/figures/nucleus_transcript_fraction_per_cell_distribution.pdf",
                "qc/qc/transcript_qc/figures/nucleus_transcript_fraction_per_cell_distribution.png",
                "qc/qc/transcript_qc/figures/num_genes_per_cell.pdf",
                "qc/qc/transcript_qc/figures/num_genes_per_cell.png",
                "qc/qc/transcript_qc/figures/num_transcripts_per_cell.pdf",
                "qc/qc/transcript_qc/figures/num_transcripts_per_cell.png",
                "qc/qc/transcript_qc/figures/num_transcripts_per_feature.pdf",
                "qc/qc/transcript_qc/figures/num_transcripts_per_feature.png",
                "qc/qc/transcript_qc/figures/quality_by_fov.pdf",
                "qc/qc/transcript_qc/figures/quality_by_fov.png",
                "qc/qc/transcript_qc/figures/quality_distributions_comprehensive.pdf",
                "qc/qc/transcript_qc/figures/quality_distributions_comprehensive.png",
                "qc/qc/transcript_qc/figures/unassigned_per_gene.pdf",
                "qc/qc/transcript_qc/figures/unassigned_per_gene.png",
                "qc/qc/transcript_qc/figures_source",
                "qc/qc/transcript_qc/figures_source/cell_size_distribution.csv",
                "qc/qc/transcript_qc/figures_source/nucleus_to_cell_size_fraction_per_cell_distribution.csv",
                "qc/qc/transcript_qc/figures_source/nucleus_transcript_fraction_per_cell_distribution.csv",
                "qc/qc/transcript_qc/figures_source/num_genes_per_cell.csv",
                "qc/qc/transcript_qc/figures_source/num_transcripts_per_cell.csv",
                "qc/qc/transcript_qc/figures_source/num_transcripts_per_feature.csv",
                "qc/qc/transcript_qc/figures_source/quality_by_fov.csv",
                "qc/qc/transcript_qc/figures_source/quality_distributions_comprehensive.csv",
                "qc/qc/transcript_qc/figures_source/unassigned_per_gene.csv",
                "qc/qc/transcript_qc/num_genes_per_cell.csv",
                "qc/qc/transcript_qc/num_transcripts_per_cell.csv",
                "qc/qc/transcript_qc/retained_genes.csv",
                "qc/qc/transcript_qc/transcript_qc.html",
                "qc/qc/transcript_qc/transcript_qc_metrics.json",
                "qc/qc/transcript_qc/versions.yml",
                "qc/spatialdata",
                "qc/spatialdata/write",
                "qc/spatialdata/write/spatialdata",
                "qc/spatialdata/write/spatialdata/test_run",
                "qc/spatialdata/write/spatialdata/test_run/raw_bundle",
                "qc/spatialdata/write/spatialdata/test_run/raw_bundle/images",
                "qc/spatialdata/write/spatialdata/test_run/raw_bundle/images/morphology_focus",
                "qc/spatialdata/write/spatialdata/test_run/raw_bundle/images/morphology_focus/0",
                "qc/spatialdata/write/spatialdata/test_run/raw_bundle/images/morphology_focus/0/c",
                "qc/spatialdata/write/spatialdata/test_run/raw_bundle/images/morphology_focus/0/c/0",
                "qc/spatialdata/write/spatialdata/test_run/raw_bundle/images/morphology_focus/0/c/0/0",
                "qc/spatialdata/write/spatialdata/test_run/raw_bundle/images/morphology_focus/0/c/0/0/0",
                "qc/spatialdata/write/spatialdata/test_run/raw_bundle/images/morphology_focus/0/c/0/0/1",
                "qc/spatialdata/write/spatialdata/test_run/raw_bundle/images/morphology_focus/0/zarr.json",
                "qc/spatialdata/write/spatialdata/test_run/raw_bundle/images/morphology_focus/1",
                "qc/spatialdata/write/spatialdata/test_run/raw_bundle/images/morphology_focus/1/c",
                "qc/spatialdata/write/spatialdata/test_run/raw_bundle/images/morphology_focus/1/c/0",
                "qc/spatialdata/write/spatialdata/test_run/raw_bundle/images/morphology_focus/1/c/0/0",
                "qc/spatialdata/write/spatialdata/test_run/raw_bundle/images/morphology_focus/1/c/0/0/0",
                "qc/spatialdata/write/spatialdata/test_run/raw_bundle/images/morphology_focus/1/zarr.json",
                "qc/spatialdata/write/spatialdata/test_run/raw_bundle/images/morphology_focus/2",
                "qc/spatialdata/write/spatialdata/test_run/raw_bundle/images/morphology_focus/2/c",
                "qc/spatialdata/write/spatialdata/test_run/raw_bundle/images/morphology_focus/2/c/0",
                "qc/spatialdata/write/spatialdata/test_run/raw_bundle/images/morphology_focus/2/c/0/0",
                "qc/spatialdata/write/spatialdata/test_run/raw_bundle/images/morphology_focus/2/c/0/0/0",
                "qc/spatialdata/write/spatialdata/test_run/raw_bundle/images/morphology_focus/2/zarr.json",
                "qc/spatialdata/write/spatialdata/test_run/raw_bundle/images/morphology_focus/3",
                "qc/spatialdata/write/spatialdata/test_run/raw_bundle/images/morphology_focus/3/c",
                "qc/spatialdata/write/spatialdata/test_run/raw_bundle/images/morphology_focus/3/c/0",
                "qc/spatialdata/write/spatialdata/test_run/raw_bundle/images/morphology_focus/3/c/0/0",
                "qc/spatialdata/write/spatialdata/test_run/raw_bundle/images/morphology_focus/3/c/0/0/0",
                "qc/spatialdata/write/spatialdata/test_run/raw_bundle/images/morphology_focus/3/zarr.json",
                "qc/spatialdata/write/spatialdata/test_run/raw_bundle/images/morphology_focus/4",
                "qc/spatialdata/write/spatialdata/test_run/raw_bundle/images/morphology_focus/4/c",
                "qc/spatialdata/write/spatialdata/test_run/raw_bundle/images/morphology_focus/4/c/0",
                "qc/spatialdata/write/spatialdata/test_run/raw_bundle/images/morphology_focus/4/c/0/0",
                "qc/spatialdata/write/spatialdata/test_run/raw_bundle/images/morphology_focus/4/c/0/0/0",
                "qc/spatialdata/write/spatialdata/test_run/raw_bundle/images/morphology_focus/4/zarr.json",
                "qc/spatialdata/write/spatialdata/test_run/raw_bundle/images/morphology_focus/zarr.json",
                "qc/spatialdata/write/spatialdata/test_run/raw_bundle/images/zarr.json",
                "qc/spatialdata/write/spatialdata/test_run/raw_bundle/labels",
                "qc/spatialdata/write/spatialdata/test_run/raw_bundle/labels/cell_labels",
                "qc/spatialdata/write/spatialdata/test_run/raw_bundle/labels/cell_labels/0",
                "qc/spatialdata/write/spatialdata/test_run/raw_bundle/labels/cell_labels/0/c",
                "qc/spatialdata/write/spatialdata/test_run/raw_bundle/labels/cell_labels/0/c/0",
                "qc/spatialdata/write/spatialdata/test_run/raw_bundle/labels/cell_labels/0/c/0/0",
                "qc/spatialdata/write/spatialdata/test_run/raw_bundle/labels/cell_labels/0/c/0/1",
                "qc/spatialdata/write/spatialdata/test_run/raw_bundle/labels/cell_labels/0/zarr.json",
                "qc/spatialdata/write/spatialdata/test_run/raw_bundle/labels/cell_labels/1",
                "qc/spatialdata/write/spatialdata/test_run/raw_bundle/labels/cell_labels/1/c",
                "qc/spatialdata/write/spatialdata/test_run/raw_bundle/labels/cell_labels/1/c/0",
                "qc/spatialdata/write/spatialdata/test_run/raw_bundle/labels/cell_labels/1/c/0/0",
                "qc/spatialdata/write/spatialdata/test_run/raw_bundle/labels/cell_labels/1/zarr.json",
                "qc/spatialdata/write/spatialdata/test_run/raw_bundle/labels/cell_labels/2",
                "qc/spatialdata/write/spatialdata/test_run/raw_bundle/labels/cell_labels/2/c",
                "qc/spatialdata/write/spatialdata/test_run/raw_bundle/labels/cell_labels/2/c/0",
                "qc/spatialdata/write/spatialdata/test_run/raw_bundle/labels/cell_labels/2/c/0/0",
                "qc/spatialdata/write/spatialdata/test_run/raw_bundle/labels/cell_labels/2/zarr.json",
                "qc/spatialdata/write/spatialdata/test_run/raw_bundle/labels/cell_labels/3",
                "qc/spatialdata/write/spatialdata/test_run/raw_bundle/labels/cell_labels/3/c",
                "qc/spatialdata/write/spatialdata/test_run/raw_bundle/labels/cell_labels/3/c/0",
                "qc/spatialdata/write/spatialdata/test_run/raw_bundle/labels/cell_labels/3/c/0/0",
                "qc/spatialdata/write/spatialdata/test_run/raw_bundle/labels/cell_labels/3/zarr.json",
                "qc/spatialdata/write/spatialdata/test_run/raw_bundle/labels/cell_labels/4",
                "qc/spatialdata/write/spatialdata/test_run/raw_bundle/labels/cell_labels/4/c",
                "qc/spatialdata/write/spatialdata/test_run/raw_bundle/labels/cell_labels/4/c/0",
                "qc/spatialdata/write/spatialdata/test_run/raw_bundle/labels/cell_labels/4/c/0/0",
                "qc/spatialdata/write/spatialdata/test_run/raw_bundle/labels/cell_labels/4/zarr.json",
                "qc/spatialdata/write/spatialdata/test_run/raw_bundle/labels/cell_labels/zarr.json",
                "qc/spatialdata/write/spatialdata/test_run/raw_bundle/labels/nucleus_labels",
                "qc/spatialdata/write/spatialdata/test_run/raw_bundle/labels/nucleus_labels/0",
                "qc/spatialdata/write/spatialdata/test_run/raw_bundle/labels/nucleus_labels/0/c",
                "qc/spatialdata/write/spatialdata/test_run/raw_bundle/labels/nucleus_labels/0/c/0",
                "qc/spatialdata/write/spatialdata/test_run/raw_bundle/labels/nucleus_labels/0/c/0/0",
                "qc/spatialdata/write/spatialdata/test_run/raw_bundle/labels/nucleus_labels/0/c/0/1",
                "qc/spatialdata/write/spatialdata/test_run/raw_bundle/labels/nucleus_labels/0/zarr.json",
                "qc/spatialdata/write/spatialdata/test_run/raw_bundle/labels/nucleus_labels/1",
                "qc/spatialdata/write/spatialdata/test_run/raw_bundle/labels/nucleus_labels/1/c",
                "qc/spatialdata/write/spatialdata/test_run/raw_bundle/labels/nucleus_labels/1/c/0",
                "qc/spatialdata/write/spatialdata/test_run/raw_bundle/labels/nucleus_labels/1/c/0/0",
                "qc/spatialdata/write/spatialdata/test_run/raw_bundle/labels/nucleus_labels/1/zarr.json",
                "qc/spatialdata/write/spatialdata/test_run/raw_bundle/labels/nucleus_labels/2",
                "qc/spatialdata/write/spatialdata/test_run/raw_bundle/labels/nucleus_labels/2/c",
                "qc/spatialdata/write/spatialdata/test_run/raw_bundle/labels/nucleus_labels/2/c/0",
                "qc/spatialdata/write/spatialdata/test_run/raw_bundle/labels/nucleus_labels/2/c/0/0",
                "qc/spatialdata/write/spatialdata/test_run/raw_bundle/labels/nucleus_labels/2/zarr.json",
                "qc/spatialdata/write/spatialdata/test_run/raw_bundle/labels/nucleus_labels/3",
                "qc/spatialdata/write/spatialdata/test_run/raw_bundle/labels/nucleus_labels/3/c",
                "qc/spatialdata/write/spatialdata/test_run/raw_bundle/labels/nucleus_labels/3/c/0",
                "qc/spatialdata/write/spatialdata/test_run/raw_bundle/labels/nucleus_labels/3/c/0/0",
                "qc/spatialdata/write/spatialdata/test_run/raw_bundle/labels/nucleus_labels/3/zarr.json",
                "qc/spatialdata/write/spatialdata/test_run/raw_bundle/labels/nucleus_labels/4",
                "qc/spatialdata/write/spatialdata/test_run/raw_bundle/labels/nucleus_labels/4/c",
                "qc/spatialdata/write/spatialdata/test_run/raw_bundle/labels/nucleus_labels/4/c/0",
                "qc/spatialdata/write/spatialdata/test_run/raw_bundle/labels/nucleus_labels/4/c/0/0",
                "qc/spatialdata/write/spatialdata/test_run/raw_bundle/labels/nucleus_labels/4/zarr.json",
                "qc/spatialdata/write/spatialdata/test_run/raw_bundle/labels/nucleus_labels/zarr.json",
                "qc/spatialdata/write/spatialdata/test_run/raw_bundle/labels/zarr.json",
                "qc/spatialdata/write/spatialdata/test_run/raw_bundle/points",
                "qc/spatialdata/write/spatialdata/test_run/raw_bundle/points/transcripts",
                "qc/spatialdata/write/spatialdata/test_run/raw_bundle/points/transcripts/points.parquet",
                "qc/spatialdata/write/spatialdata/test_run/raw_bundle/points/transcripts/points.parquet/part.0.parquet",
                "qc/spatialdata/write/spatialdata/test_run/raw_bundle/points/transcripts/zarr.json",
                "qc/spatialdata/write/spatialdata/test_run/raw_bundle/points/zarr.json",
                "qc/spatialdata/write/spatialdata/test_run/raw_bundle/shapes",
                "qc/spatialdata/write/spatialdata/test_run/raw_bundle/shapes/cell_boundaries",
                "qc/spatialdata/write/spatialdata/test_run/raw_bundle/shapes/cell_boundaries/shapes.parquet",
                "qc/spatialdata/write/spatialdata/test_run/raw_bundle/shapes/cell_boundaries/zarr.json",
                "qc/spatialdata/write/spatialdata/test_run/raw_bundle/shapes/cell_circles",
                "qc/spatialdata/write/spatialdata/test_run/raw_bundle/shapes/cell_circles/shapes.parquet",
                "qc/spatialdata/write/spatialdata/test_run/raw_bundle/shapes/cell_circles/zarr.json",
                "qc/spatialdata/write/spatialdata/test_run/raw_bundle/shapes/nucleus_boundaries",
                "qc/spatialdata/write/spatialdata/test_run/raw_bundle/shapes/nucleus_boundaries/shapes.parquet",
                "qc/spatialdata/write/spatialdata/test_run/raw_bundle/shapes/nucleus_boundaries/zarr.json",
                "qc/spatialdata/write/spatialdata/test_run/raw_bundle/shapes/zarr.json",
                "qc/spatialdata/write/spatialdata/test_run/raw_bundle/tables",
                "qc/spatialdata/write/spatialdata/test_run/raw_bundle/tables/table",
                "qc/spatialdata/write/spatialdata/test_run/raw_bundle/tables/table/X",
                "qc/spatialdata/write/spatialdata/test_run/raw_bundle/tables/table/X/data",
                "qc/spatialdata/write/spatialdata/test_run/raw_bundle/tables/table/X/data/c",
                "qc/spatialdata/write/spatialdata/test_run/raw_bundle/tables/table/X/data/c/0",
                "qc/spatialdata/write/spatialdata/test_run/raw_bundle/tables/table/X/data/zarr.json",
                "qc/spatialdata/write/spatialdata/test_run/raw_bundle/tables/table/X/indices",
                "qc/spatialdata/write/spatialdata/test_run/raw_bundle/tables/table/X/indices/c",
                "qc/spatialdata/write/spatialdata/test_run/raw_bundle/tables/table/X/indices/c/0",
                "qc/spatialdata/write/spatialdata/test_run/raw_bundle/tables/table/X/indices/zarr.json",
                "qc/spatialdata/write/spatialdata/test_run/raw_bundle/tables/table/X/indptr",
                "qc/spatialdata/write/spatialdata/test_run/raw_bundle/tables/table/X/indptr/c",
                "qc/spatialdata/write/spatialdata/test_run/raw_bundle/tables/table/X/indptr/c/0",
                "qc/spatialdata/write/spatialdata/test_run/raw_bundle/tables/table/X/indptr/zarr.json",
                "qc/spatialdata/write/spatialdata/test_run/raw_bundle/tables/table/X/zarr.json",
                "qc/spatialdata/write/spatialdata/test_run/raw_bundle/tables/table/layers",
                "qc/spatialdata/write/spatialdata/test_run/raw_bundle/tables/table/layers/zarr.json",
                "qc/spatialdata/write/spatialdata/test_run/raw_bundle/tables/table/obs",
                "qc/spatialdata/write/spatialdata/test_run/raw_bundle/tables/table/obs/_index",
                "qc/spatialdata/write/spatialdata/test_run/raw_bundle/tables/table/obs/_index/c",
                "qc/spatialdata/write/spatialdata/test_run/raw_bundle/tables/table/obs/_index/c/0",
                "qc/spatialdata/write/spatialdata/test_run/raw_bundle/tables/table/obs/_index/zarr.json",
                "qc/spatialdata/write/spatialdata/test_run/raw_bundle/tables/table/obs/cell_area",
                "qc/spatialdata/write/spatialdata/test_run/raw_bundle/tables/table/obs/cell_area/c",
                "qc/spatialdata/write/spatialdata/test_run/raw_bundle/tables/table/obs/cell_area/c/0",
                "qc/spatialdata/write/spatialdata/test_run/raw_bundle/tables/table/obs/cell_area/zarr.json",
                "qc/spatialdata/write/spatialdata/test_run/raw_bundle/tables/table/obs/cell_id",
                "qc/spatialdata/write/spatialdata/test_run/raw_bundle/tables/table/obs/cell_id/c",
                "qc/spatialdata/write/spatialdata/test_run/raw_bundle/tables/table/obs/cell_id/c/0",
                "qc/spatialdata/write/spatialdata/test_run/raw_bundle/tables/table/obs/cell_id/zarr.json",
                "qc/spatialdata/write/spatialdata/test_run/raw_bundle/tables/table/obs/cell_labels",
                "qc/spatialdata/write/spatialdata/test_run/raw_bundle/tables/table/obs/cell_labels/c",
                "qc/spatialdata/write/spatialdata/test_run/raw_bundle/tables/table/obs/cell_labels/c/0",
                "qc/spatialdata/write/spatialdata/test_run/raw_bundle/tables/table/obs/cell_labels/zarr.json",
                "qc/spatialdata/write/spatialdata/test_run/raw_bundle/tables/table/obs/control_codeword_counts",
                "qc/spatialdata/write/spatialdata/test_run/raw_bundle/tables/table/obs/control_codeword_counts/zarr.json",
                "qc/spatialdata/write/spatialdata/test_run/raw_bundle/tables/table/obs/control_probe_counts",
                "qc/spatialdata/write/spatialdata/test_run/raw_bundle/tables/table/obs/control_probe_counts/zarr.json",
                "qc/spatialdata/write/spatialdata/test_run/raw_bundle/tables/table/obs/deprecated_codeword_counts",
                "qc/spatialdata/write/spatialdata/test_run/raw_bundle/tables/table/obs/deprecated_codeword_counts/zarr.json",
                "qc/spatialdata/write/spatialdata/test_run/raw_bundle/tables/table/obs/genomic_control_counts",
                "qc/spatialdata/write/spatialdata/test_run/raw_bundle/tables/table/obs/genomic_control_counts/zarr.json",
                "qc/spatialdata/write/spatialdata/test_run/raw_bundle/tables/table/obs/nucleus_area",
                "qc/spatialdata/write/spatialdata/test_run/raw_bundle/tables/table/obs/nucleus_area/c",
                "qc/spatialdata/write/spatialdata/test_run/raw_bundle/tables/table/obs/nucleus_area/c/0",
                "qc/spatialdata/write/spatialdata/test_run/raw_bundle/tables/table/obs/nucleus_area/zarr.json",
                "qc/spatialdata/write/spatialdata/test_run/raw_bundle/tables/table/obs/nucleus_count",
                "qc/spatialdata/write/spatialdata/test_run/raw_bundle/tables/table/obs/nucleus_count/c",
                "qc/spatialdata/write/spatialdata/test_run/raw_bundle/tables/table/obs/nucleus_count/c/0",
                "qc/spatialdata/write/spatialdata/test_run/raw_bundle/tables/table/obs/nucleus_count/zarr.json",
                "qc/spatialdata/write/spatialdata/test_run/raw_bundle/tables/table/obs/region",
                "qc/spatialdata/write/spatialdata/test_run/raw_bundle/tables/table/obs/region/categories",
                "qc/spatialdata/write/spatialdata/test_run/raw_bundle/tables/table/obs/region/categories/c",
                "qc/spatialdata/write/spatialdata/test_run/raw_bundle/tables/table/obs/region/categories/c/0",
                "qc/spatialdata/write/spatialdata/test_run/raw_bundle/tables/table/obs/region/categories/zarr.json",
                "qc/spatialdata/write/spatialdata/test_run/raw_bundle/tables/table/obs/region/codes",
                "qc/spatialdata/write/spatialdata/test_run/raw_bundle/tables/table/obs/region/codes/zarr.json",
                "qc/spatialdata/write/spatialdata/test_run/raw_bundle/tables/table/obs/region/zarr.json",
                "qc/spatialdata/write/spatialdata/test_run/raw_bundle/tables/table/obs/segmentation_method",
                "qc/spatialdata/write/spatialdata/test_run/raw_bundle/tables/table/obs/segmentation_method/c",
                "qc/spatialdata/write/spatialdata/test_run/raw_bundle/tables/table/obs/segmentation_method/c/0",
                "qc/spatialdata/write/spatialdata/test_run/raw_bundle/tables/table/obs/segmentation_method/zarr.json",
                "qc/spatialdata/write/spatialdata/test_run/raw_bundle/tables/table/obs/total_counts",
                "qc/spatialdata/write/spatialdata/test_run/raw_bundle/tables/table/obs/total_counts/c",
                "qc/spatialdata/write/spatialdata/test_run/raw_bundle/tables/table/obs/total_counts/c/0",
                "qc/spatialdata/write/spatialdata/test_run/raw_bundle/tables/table/obs/total_counts/zarr.json",
                "qc/spatialdata/write/spatialdata/test_run/raw_bundle/tables/table/obs/transcript_counts",
                "qc/spatialdata/write/spatialdata/test_run/raw_bundle/tables/table/obs/transcript_counts/c",
                "qc/spatialdata/write/spatialdata/test_run/raw_bundle/tables/table/obs/transcript_counts/c/0",
                "qc/spatialdata/write/spatialdata/test_run/raw_bundle/tables/table/obs/transcript_counts/zarr.json",
                "qc/spatialdata/write/spatialdata/test_run/raw_bundle/tables/table/obs/unassigned_codeword_counts",
                "qc/spatialdata/write/spatialdata/test_run/raw_bundle/tables/table/obs/unassigned_codeword_counts/c",
                "qc/spatialdata/write/spatialdata/test_run/raw_bundle/tables/table/obs/unassigned_codeword_counts/c/0",
                "qc/spatialdata/write/spatialdata/test_run/raw_bundle/tables/table/obs/unassigned_codeword_counts/zarr.json",
                "qc/spatialdata/write/spatialdata/test_run/raw_bundle/tables/table/obs/z_level",
                "qc/spatialdata/write/spatialdata/test_run/raw_bundle/tables/table/obs/z_level/c",
                "qc/spatialdata/write/spatialdata/test_run/raw_bundle/tables/table/obs/z_level/c/0",
                "qc/spatialdata/write/spatialdata/test_run/raw_bundle/tables/table/obs/z_level/zarr.json",
                "qc/spatialdata/write/spatialdata/test_run/raw_bundle/tables/table/obs/zarr.json",
                "qc/spatialdata/write/spatialdata/test_run/raw_bundle/tables/table/obsm",
                "qc/spatialdata/write/spatialdata/test_run/raw_bundle/tables/table/obsm/spatial",
                "qc/spatialdata/write/spatialdata/test_run/raw_bundle/tables/table/obsm/spatial/c",
                "qc/spatialdata/write/spatialdata/test_run/raw_bundle/tables/table/obsm/spatial/c/0",
                "qc/spatialdata/write/spatialdata/test_run/raw_bundle/tables/table/obsm/spatial/c/0/0",
                "qc/spatialdata/write/spatialdata/test_run/raw_bundle/tables/table/obsm/spatial/zarr.json",
                "qc/spatialdata/write/spatialdata/test_run/raw_bundle/tables/table/obsm/zarr.json",
                "qc/spatialdata/write/spatialdata/test_run/raw_bundle/tables/table/obsp",
                "qc/spatialdata/write/spatialdata/test_run/raw_bundle/tables/table/obsp/zarr.json",
                "qc/spatialdata/write/spatialdata/test_run/raw_bundle/tables/table/raw",
                "qc/spatialdata/write/spatialdata/test_run/raw_bundle/tables/table/raw/zarr.json",
                "qc/spatialdata/write/spatialdata/test_run/raw_bundle/tables/table/uns",
                "qc/spatialdata/write/spatialdata/test_run/raw_bundle/tables/table/uns/spatialdata_attrs",
                "qc/spatialdata/write/spatialdata/test_run/raw_bundle/tables/table/uns/spatialdata_attrs/instance_key",
                "qc/spatialdata/write/spatialdata/test_run/raw_bundle/tables/table/uns/spatialdata_attrs/instance_key/c",
                "qc/spatialdata/write/spatialdata/test_run/raw_bundle/tables/table/uns/spatialdata_attrs/instance_key/zarr.json",
                "qc/spatialdata/write/spatialdata/test_run/raw_bundle/tables/table/uns/spatialdata_attrs/region",
                "qc/spatialdata/write/spatialdata/test_run/raw_bundle/tables/table/uns/spatialdata_attrs/region/c",
                "qc/spatialdata/write/spatialdata/test_run/raw_bundle/tables/table/uns/spatialdata_attrs/region/zarr.json",
                "qc/spatialdata/write/spatialdata/test_run/raw_bundle/tables/table/uns/spatialdata_attrs/region_key",
                "qc/spatialdata/write/spatialdata/test_run/raw_bundle/tables/table/uns/spatialdata_attrs/region_key/c",
                "qc/spatialdata/write/spatialdata/test_run/raw_bundle/tables/table/uns/spatialdata_attrs/region_key/zarr.json",
                "qc/spatialdata/write/spatialdata/test_run/raw_bundle/tables/table/uns/spatialdata_attrs/zarr.json",
                "qc/spatialdata/write/spatialdata/test_run/raw_bundle/tables/table/uns/zarr.json",
                "qc/spatialdata/write/spatialdata/test_run/raw_bundle/tables/table/var",
                "qc/spatialdata/write/spatialdata/test_run/raw_bundle/tables/table/var/_index",
                "qc/spatialdata/write/spatialdata/test_run/raw_bundle/tables/table/var/_index/c",
                "qc/spatialdata/write/spatialdata/test_run/raw_bundle/tables/table/var/_index/c/0",
                "qc/spatialdata/write/spatialdata/test_run/raw_bundle/tables/table/var/_index/zarr.json",
                "qc/spatialdata/write/spatialdata/test_run/raw_bundle/tables/table/var/feature_types",
                "qc/spatialdata/write/spatialdata/test_run/raw_bundle/tables/table/var/feature_types/c",
                "qc/spatialdata/write/spatialdata/test_run/raw_bundle/tables/table/var/feature_types/c/0",
                "qc/spatialdata/write/spatialdata/test_run/raw_bundle/tables/table/var/feature_types/zarr.json",
                "qc/spatialdata/write/spatialdata/test_run/raw_bundle/tables/table/var/gene_ids",
                "qc/spatialdata/write/spatialdata/test_run/raw_bundle/tables/table/var/gene_ids/c",
                "qc/spatialdata/write/spatialdata/test_run/raw_bundle/tables/table/var/gene_ids/c/0",
                "qc/spatialdata/write/spatialdata/test_run/raw_bundle/tables/table/var/gene_ids/zarr.json",
                "qc/spatialdata/write/spatialdata/test_run/raw_bundle/tables/table/var/genome",
                "qc/spatialdata/write/spatialdata/test_run/raw_bundle/tables/table/var/genome/c",
                "qc/spatialdata/write/spatialdata/test_run/raw_bundle/tables/table/var/genome/c/0",
                "qc/spatialdata/write/spatialdata/test_run/raw_bundle/tables/table/var/genome/zarr.json",
                "qc/spatialdata/write/spatialdata/test_run/raw_bundle/tables/table/var/zarr.json",
                "qc/spatialdata/write/spatialdata/test_run/raw_bundle/tables/table/varm",
                "qc/spatialdata/write/spatialdata/test_run/raw_bundle/tables/table/varm/zarr.json",
                "qc/spatialdata/write/spatialdata/test_run/raw_bundle/tables/table/varp",
                "qc/spatialdata/write/spatialdata/test_run/raw_bundle/tables/table/varp/zarr.json",
                "qc/spatialdata/write/spatialdata/test_run/raw_bundle/tables/table/zarr.json",
                "qc/spatialdata/write/spatialdata/test_run/raw_bundle/tables/zarr.json",
                "qc/spatialdata/write/spatialdata/test_run/raw_bundle/zarr.json",
                "qc/untar",
                "qc/untar/test_bundle",
                "qc/untar/test_bundle/.end-of-run",
                "qc/untar/test_bundle/analysis.tar.gz",
                "qc/untar/test_bundle/analysis.zarr.zip",
                "qc/untar/test_bundle/analysis_summary.html",
                "qc/untar/test_bundle/aux_outputs.tar.gz",
                "qc/untar/test_bundle/cell_boundaries.csv.gz",
                "qc/untar/test_bundle/cell_boundaries.parquet",
                "qc/untar/test_bundle/cell_feature_matrix.h5",
                "qc/untar/test_bundle/cell_feature_matrix.tar.gz",
                "qc/untar/test_bundle/cell_feature_matrix.zarr.zip",
                "qc/untar/test_bundle/cells.csv.gz",
                "qc/untar/test_bundle/cells.parquet",
                "qc/untar/test_bundle/cells.zarr.zip",
                "qc/untar/test_bundle/experiment.xenium",
                "qc/untar/test_bundle/gene_panel.json",
                "qc/untar/test_bundle/metrics_summary.csv",
                "qc/untar/test_bundle/morphology.ome.tif",
                "qc/untar/test_bundle/morphology_focus",
                "qc/untar/test_bundle/morphology_focus/morphology_focus_0000.ome.tif",
                "qc/untar/test_bundle/nucleus_boundaries.csv.gz",
                "qc/untar/test_bundle/nucleus_boundaries.parquet",
                "qc/untar/test_bundle/transcripts.parquet",
                "qc/untar/test_bundle/transcripts.zarr.zip",
                "spoqc"
            ],
            [
                "multiqc_citations.txt:md5,4c806e63a283ec1b7e78cdae3a923d4f",
                "multiqc_software_versions.txt:md5,c12e42bcb9029df6313d72d822cb0cf9",
                "multiqc_citations.txt:md5,4c806e63a283ec1b7e78cdae3a923d4f",
                "multiqc_software_versions.txt:md5,c12e42bcb9029df6313d72d822cb0cf9",
                "SNR_roi_tx.parquet:md5,7636c8a75be03c1aacc1662225f1862d",
                "dense_intensity_regions_summary.csv:md5,cae928f6aa311af4b0e1bfc17fbd092e",
                "ccfs_thresholded.png:md5,032f6b10b6878f403efbbe01af8b7110",
                "cell_flagged_maps.png:md5,0ba882744ff82f34a1a6bbc83f976c8f",
                "dapi_intensity_vs_transcripts_log.png:md5,d8fdf16b335d6b8b94d8a6267e0b033a",
                "distance_map_edge.png:md5,1fd0072b0f726b8f2cab8488ced54ec6",
                "distance_map_holes.png:md5,bec4e0e137dd6c6054f89f813628f392",
                "distance_maps.png:md5,642f233c2f4069ff44b951dec56d407d",
                "gmm_focus_vs_transcripts.png:md5,3a5342221bf9d12076b8cba0ebdf8260",
                "grid_roi_focus_heatmap.png:md5,fe63ecb24348e4b8c51a8abce368d39e",
                "imageqc_masks.png:md5,406baa0d4058345872d4911669c633f5",
                "intensity_assessment.png:md5,d2edac7a810058fe776f4ff3768a09fc",
                "nuclear_texture_vs_transcripts_log.png:md5,b0a8bfb561526af53b34033d43a18bab",
                "roi_focus_vs_intensity.png:md5,7cd8798673ac7e95d69f7bdd33dc8f52",
                "tile_blur_proportions_roi.png:md5,7f36d91b1938443d796aa692480a515c",
                "tile_focus_gmm_spatial.png:md5,53a6bfe4a7c73750ca8a85438b1d2517",
                "cell_flagged_maps.png:md5,0ba882744ff82f34a1a6bbc83f976c8f",
                "dapi_intensity_vs_transcripts_log.png:md5,d8fdf16b335d6b8b94d8a6267e0b033a",
                "gmm_focus_vs_transcripts.png:md5,3a5342221bf9d12076b8cba0ebdf8260",
                "tile_blur_proportions_roi.png:md5,8d2c5b6aafcc1666b27d09075dd191c6",
                "tile_focus_gmm_spatial.png:md5,53a6bfe4a7c73750ca8a85438b1d2517",
                "grid_roi_focus_scores.csv:md5,b2cfd1da35fd51bd43cc3f44837a931c",
                "image_qc_cell_metrics.csv:md5,f9b6d14445af2f3ed9e9fadcc0f8075a",
                "image_qc_cell_metrics.json:md5,c970ee84992e3f38f24b4cd4b7449992",
                "image_qc_metrics.csv:md5,f9b6d14445af2f3ed9e9fadcc0f8075a",
                "image_qc_metrics.json:md5,69f2ae0bdf4603c3dd8aecf9dcb2912a",
                "image_qc_status.json:md5,14f825da7a7d6f84385cdcf179ab1f98",
                "intensity_assessment.json:md5,ca3a3ab1a25d10d1726707ee92b0a381",
                "roi_blur_threshold.json:md5,1f3640c94ebb2087b5a650cae7f352a4",
                "roi_count.txt:md5,c881617af0ae19b38dd0546548cd53ad",
                "roi_qc_metrics.json:md5,be710c04ad674d86641685aed4517812",
                "roi_size.txt:md5,649ee93d50739c656e94ec88a32c7ffe",
                "snr_metrics.json:md5,a2037280229900d1d049998fa663980f",
                "versions.yml:md5,e1d8ab29fd14c338cd8a7b67c8c44c9e",
                "df_spatial_quality.csv:md5,3dcb5878080b65eb80e56c81c0e469a4",
                "cell_size_distribution.png:md5,9f3f93c8a0d69d72238b6feaa5d77f5d",
                "cell_size_distribution_log.png:md5,f663e879592bafe3b526b87536a695e4",
                "nucleus_to_cell_size_fraction_per_cell_distribution.png:md5,214fd9b389a9b2a29a03ef322e93eb4d",
                "nucleus_transcript_fraction_per_cell_distribution.png:md5,406c6ec940050080d83cf769205d0756",
                "num_genes_per_cell.png:md5,c9fe04ed2c11dd1fbb3255dd258f7fea",
                "num_transcripts_per_cell.png:md5,c555e864011cdf4a44e5636b4e6411dd",
                "num_transcripts_per_feature.png:md5,1aeaae3be7287677b916d07286aa12b0",
                "quality_by_fov.png:md5,2878179b8869887f57f70fb2d6a81790",
                "quality_distributions_comprehensive.png:md5,2f0f5f5c1f791e39987df00c110eb5ce",
                "unassigned_per_gene.png:md5,373320b0b7a93f78e908a9e817d9e611",
                "cell_size_distribution.csv:md5,6c8aee45e7c0045918502fe4d4d441e0",
                "nucleus_to_cell_size_fraction_per_cell_distribution.csv:md5,f753929ec13d1e3dfaf94576bbd7d0d5",
                "nucleus_transcript_fraction_per_cell_distribution.csv:md5,9c92b67705b28fe0ae017e3bf9a2dcdb",
                "num_genes_per_cell.csv:md5,1dc6c4f75a58c595163d192182f73d92",
                "num_transcripts_per_cell.csv:md5,e7378613f3d9966c3d25e449df4d690a",
                "num_transcripts_per_feature.csv:md5,ce592e962496b30c4c7bc0a4a4b83ccf",
                "quality_by_fov.csv:md5,04b3fd532a8c12dc29e9c084a6c891f8",
                "quality_distributions_comprehensive.csv:md5,3dcb5878080b65eb80e56c81c0e469a4",
                "unassigned_per_gene.csv:md5,d000d944fd21c9417a1f2923d07ac37f",
                "num_genes_per_cell.csv:md5,dda1841ad514e161fc4c6afad7816c99",
                "num_transcripts_per_cell.csv:md5,7babff329ac62e8c2d7d95ee4b2168a4",
                "retained_genes.csv:md5,9d531795ce1d22cd60c0f70ccdec0ac6",
                "transcript_qc_metrics.json:md5,c031bdf67c7f36a03523cd105902840b",
                "versions.yml:md5,e027a59df4703317fe257afdafa30397",
                "0:md5,397dc21e479c58fd2ffcbe6c3e627683",
                "1:md5,f1a6b9238c3095bad7867b22f293e5e6",
                "zarr.json:md5,893b4d8873fc997d364288c63ef0871f",
                "0:md5,519d79fe18256d530a2070e31925fac6",
                "zarr.json:md5,9e0748b559911795c141000a77ab7e59",
                "0:md5,f349fb7934242be4cf4ac28e1a7e18f4",
                "zarr.json:md5,32b707be767bd056085d0f349d3ab68c",
                "0:md5,000e609e16f4975474a7d57eed232daa",
                "zarr.json:md5,4690fb68f05cbca9148144c85bd9687f",
                "0:md5,4890e52e8f0efc8f560bc51199d5071c",
                "zarr.json:md5,1f4482a1e3b6e9ab30623b0ad12f5213",
                "zarr.json:md5,b98263d3964a5236145ccf6c808f8919",
                "0:md5,9fbd82d28a84dddd52df1b055c00d9b0",
                "1:md5,3519dd1d29e589a2f0e87c2e0a20586b",
                "zarr.json:md5,5ad6b55efbf7ea079dc73f60af2a12cb",
                "0:md5,500e366b93160eaf9cf5ee5dcd8fdd18",
                "zarr.json:md5,cf8da18bcd5b9661012f3b120d64d5d9",
                "0:md5,264bcf6f0679d8cab53930b5182aa2ac",
                "zarr.json:md5,a03571ade1e696e2e855ed06331acd09",
                "0:md5,c416a29978b65ccec08ad8e0d3e1dcf8",
                "zarr.json:md5,be459dc60bef9886df3f9e6895430f6b",
                "0:md5,072da7c64c1dbe21a4d71c560431b96e",
                "zarr.json:md5,73b113cb0e0dd3c688b7221003ce7062",
                "zarr.json:md5,cb8cd70a8b5142c2bdcc65261f52013e",
                "0:md5,adbe51c450a9a6c9086df9ebe220eefb",
                "1:md5,7bb4eecf9fe3996a9b118082152a8750",
                "zarr.json:md5,5ad6b55efbf7ea079dc73f60af2a12cb",
                "0:md5,498463ef4033f523f8174237454f5dc7",
                "zarr.json:md5,cf8da18bcd5b9661012f3b120d64d5d9",
                "0:md5,a73b0d9b8919bb729c6eee8cf6632cd8",
                "zarr.json:md5,a03571ade1e696e2e855ed06331acd09",
                "0:md5,9efe1a6b6f8d3548f3ebdeab07e2e8b3",
                "zarr.json:md5,be459dc60bef9886df3f9e6895430f6b",
                "0:md5,4cd5ff674991828d1536bf85d47bcb0a",
                "zarr.json:md5,73b113cb0e0dd3c688b7221003ce7062",
                "zarr.json:md5,83ce0ad0ef9fc5f27b0c737f7bc2c88f",
                ".end-of-run:md5,d41d8cd98f00b204e9800998ecf8427e",
                "analysis.tar.gz:md5,06b7c89909ddf3149b0debcada5dc627",
                "analysis.zarr.zip:md5,1ffb1b86586fe6c80ce1676b79137785",
                "analysis_summary.html:md5,e91cdd23848a81b1a553b40e09d994de",
                "aux_outputs.tar.gz:md5,aac93b35fbb052302042a044629eec56",
                "cell_boundaries.csv.gz:md5,8b4f2aa455a6fb14b2669a42db32ea7e",
                "cell_boundaries.parquet:md5,e55d6a7fbec336103994baad8c8e4a9a",
                "cell_feature_matrix.h5:md5,96cb400f1b1dd6f8796daea0ad5c74e6",
                "cell_feature_matrix.tar.gz:md5,16b63c6c11d6411738019314bcc8113c",
                "cell_feature_matrix.zarr.zip:md5,36f45a290cf4ee1232f2d1cd0fdbd820",
                "cells.csv.gz:md5,3cef2d7cc8cfba1d47bdb7c65c3d5d5f",
                "cells.parquet:md5,e1450c7eca3d7ce0d4911c95042b1303",
                "cells.zarr.zip:md5,556e47d5b14150239b10b2f801defa2b",
                "experiment.xenium:md5,eb70039966ed3ed8eefc0f3fcf4c72f6",
                "gene_panel.json:md5,8890dd5fd90706e751554ac3fdfdedde",
                "metrics_summary.csv:md5,e0928a0c20e7b34162f02670ed712dde",
                "morphology.ome.tif:md5,6b65fff28a38a001b8f25061737fbf9b",
                "morphology_focus_0000.ome.tif:md5,90e796ad634d14e62cf2ebcadf2eaf98",
                "nucleus_boundaries.csv.gz:md5,e417b6e293298870956d42c7106cbd0c",
                "nucleus_boundaries.parquet:md5,bacbfc3c2e956d899e1d8ccba5dd7c5e",
                "transcripts.parquet:md5,203cb05ee7689805cc505ebda9557551",
                "transcripts.zarr.zip:md5,807e63a2ef8340e085cd899507f45395"
            ]
        ],
        "timestamp": "2026-08-27T15:18:03.157962084",
        "meta": {
            "nf-test": "0.9.5",
            "nextflow": "26.04.6"
        }
    },
    "-profile test stub": {
        "content": [
            {
                "ANALYSIS": {
                    "seaborn": "0.13.2"
                },
                "REPORT": {
                    "quarto": "1.6.42"
                },
                "SPATIALDATA_WRITE_RAW_BUNDLE": {
                    "spatialdata": "0.7.2"
                },
                "SPOQC_AMBIENT": {
                    "spoqc": "0.1.0"
                },
                "SPOQC_ANALYSIS_CATEGORY": {
                    "spoqc": "0.1.0"
                },
                "SPOQC_ANALYSIS_CLUSTER": {
                    "spoqc": "0.1.0"
                },
                "SPOQC_ANALYSIS_OVERVIEW": {
                    "spoqc": "0.1.0"
                },
                "SPOQC_ANNOTATION": {
                    "spoqc": "0.1.0"
                },
                "SPOQC_BUBBLE": {
                    "spoqc": "0.1.0"
                },
                "SPOQC_CELL": {
                    "spoqc": "0.1.0"
                },
                "SPOQC_CELLCYCLE": {
                    "spoqc": "0.1.0"
                },
                "SPOQC_COMBINE_MASKS": {
                    "spoqc": "0.1.0"
                },
                "SPOQC_DOUBLET": {
                    "spoqc": "0.1.0"
                },
                "SPOQC_FINALREPORT": {
                    "spoqc": "0.1.0"
                },
                "SPOQC_GENERAL": {
                    "spoqc": "0.1.0"
                },
                "SPOQC_HQCR_CELLTYPE": {
                    "spoqc": "0.1.0"
                },
                "SPOQC_HQCR_IDENT": {
                    "spoqc": "0.1.0"
                },
                "SPOQC_HQPR_BOUNDING_BOX": {
                    "spoqc": "0.1.0"
                },
                "SPOQC_HQPR_CELLTYPE": {
                    "spoqc": "0.1.0"
                },
                "SPOQC_HQPR_CLUSTERING": {
                    "spoqc": "0.1.0"
                },
                "SPOQC_HQPR_METRICES": {
                    "spoqc": "0.1.0"
                },
                "SPOQC_HQPR_REFINEMENT": {
                    "spoqc": "0.1.0"
                },
                "SPOQC_HQTR_AC": {
                    "spoqc": "0.1.0"
                },
                "SPOQC_HQTR_BOUNDING_BOX": {
                    "spoqc": "0.1.0"
                },
                "SPOQC_HQTR_CELLTYPE": {
                    "spoqc": "0.1.0"
                },
                "SPOQC_HQTR_CLUSTERING": {
                    "spoqc": "0.1.0"
                },
                "SPOQC_HQTR_METRICES": {
                    "spoqc": "0.1.0"
                },
                "SPOQC_HQTR_QV": {
                    "spoqc": "0.1.0"
                },
                "SPOQC_HQTR_REFINEMENT": {
                    "spoqc": "0.1.0"
                },
                "SPOQC_MODEL": {
                    "spoqc": "0.1.0"
                },
                "SPOQC_TRANSCRIPT": {
                    "spoqc": "0.1.0"
                },
                "SPOQC_VOID": {
                    "spoqc": "0.1.0"
                },
                "SPOQC_WHOLE_SLIDE": {
                    "spoqc": "0.1.0"
                },
                "UNTAR": {
                    "untar": 1.34
                },
                "Workflow": {
                    "nf-core/spatialaxe": "v1.0.1dev"
                }
            },
            [
                "pipeline_info",
                "pipeline_info/nf_core_spatialaxe_software_mqc_versions.yml",
                "qc",
                "qc/multiqc",
                "qc/multiqc/raw_bundle",
                "qc/multiqc/raw_bundle/multiqc_data",
                "qc/multiqc/raw_bundle/multiqc_data/.stub",
                "qc/multiqc/raw_bundle/multiqc_plots",
                "qc/multiqc/raw_bundle/multiqc_plots/.stub",
                "qc/multiqc/raw_bundle/multiqc_report.html",
                "qc/multiqc/redefined_bundle",
                "qc/multiqc/redefined_bundle/multiqc_data",
                "qc/multiqc/redefined_bundle/multiqc_data/.stub",
                "qc/multiqc/redefined_bundle/multiqc_plots",
                "qc/multiqc/redefined_bundle/multiqc_plots/.stub",
                "qc/multiqc/redefined_bundle/multiqc_report.html",
                "qc/qc",
                "qc/qc/image_qc",
                "qc/qc/image_qc/figures",
                "qc/qc/image_qc/image_qc.html",
                "qc/qc/image_qc/image_qc_metrics.csv",
                "qc/qc/image_qc/image_qc_metrics.json",
                "qc/qc/transcript_qc",
                "qc/qc/transcript_qc/figures",
                "qc/qc/transcript_qc/transcript_qc.html",
                "qc/qc/transcript_qc/transcript_qc_metrics.json",
                "qc/spatialdata",
                "qc/spatialdata/write",
                "qc/spatialdata/write/spatialdata",
                "qc/spatialdata/write/spatialdata/test_run",
                "qc/spatialdata/write/spatialdata/test_run/raw_bundle",
                "qc/spatialdata/write/spatialdata/test_run/raw_bundle/fake_file.txt",
                "qc/untar",
                "qc/untar/test_bundle",
                "qc/untar/test_bundle/.end-of-run",
                "qc/untar/test_bundle/analysis.tar.gz",
                "qc/untar/test_bundle/analysis.zarr.zip",
                "qc/untar/test_bundle/analysis_summary.html",
                "qc/untar/test_bundle/aux_outputs.tar.gz",
                "qc/untar/test_bundle/cell_boundaries.csv.gz",
                "qc/untar/test_bundle/cell_boundaries.parquet",
                "qc/untar/test_bundle/cell_feature_matrix.h5",
                "qc/untar/test_bundle/cell_feature_matrix.tar.gz",
                "qc/untar/test_bundle/cell_feature_matrix.zarr.zip",
                "qc/untar/test_bundle/cells.csv.gz",
                "qc/untar/test_bundle/cells.parquet",
                "qc/untar/test_bundle/cells.zarr.zip",
                "qc/untar/test_bundle/experiment.xenium",
                "qc/untar/test_bundle/gene_panel.json",
                "qc/untar/test_bundle/metrics_summary.csv",
                "qc/untar/test_bundle/morphology.ome.tif",
                "qc/untar/test_bundle/morphology_focus",
                "qc/untar/test_bundle/morphology_focus/morphology_focus_0000.ome.tif",
                "qc/untar/test_bundle/nucleus_boundaries.csv.gz",
                "qc/untar/test_bundle/nucleus_boundaries.parquet",
                "qc/untar/test_bundle/transcripts.parquet",
                "qc/untar/test_bundle/transcripts.zarr.zip",
                "spoqc"
            ],
            [
                ".stub:md5,d41d8cd98f00b204e9800998ecf8427e",
                ".stub:md5,d41d8cd98f00b204e9800998ecf8427e",
                "multiqc_report.html:md5,d41d8cd98f00b204e9800998ecf8427e",
                ".stub:md5,d41d8cd98f00b204e9800998ecf8427e",
                ".stub:md5,d41d8cd98f00b204e9800998ecf8427e",
                "multiqc_report.html:md5,d41d8cd98f00b204e9800998ecf8427e",
                "image_qc_metrics.csv:md5,d41d8cd98f00b204e9800998ecf8427e",
                "image_qc_metrics.json:md5,d41d8cd98f00b204e9800998ecf8427e",
                "transcript_qc_metrics.json:md5,d41d8cd98f00b204e9800998ecf8427e",
                "fake_file.txt:md5,d41d8cd98f00b204e9800998ecf8427e",
                ".end-of-run:md5,d41d8cd98f00b204e9800998ecf8427e",
                "analysis.tar.gz:md5,d41d8cd98f00b204e9800998ecf8427e",
                "analysis.zarr.zip:md5,d41d8cd98f00b204e9800998ecf8427e",
                "analysis_summary.html:md5,d41d8cd98f00b204e9800998ecf8427e",
                "aux_outputs.tar.gz:md5,d41d8cd98f00b204e9800998ecf8427e",
                "cell_boundaries.csv.gz:md5,d41d8cd98f00b204e9800998ecf8427e",
                "cell_boundaries.parquet:md5,d41d8cd98f00b204e9800998ecf8427e",
                "cell_feature_matrix.h5:md5,d41d8cd98f00b204e9800998ecf8427e",
                "cell_feature_matrix.tar.gz:md5,d41d8cd98f00b204e9800998ecf8427e",
                "cell_feature_matrix.zarr.zip:md5,d41d8cd98f00b204e9800998ecf8427e",
                "cells.csv.gz:md5,d41d8cd98f00b204e9800998ecf8427e",
                "cells.parquet:md5,d41d8cd98f00b204e9800998ecf8427e",
                "cells.zarr.zip:md5,d41d8cd98f00b204e9800998ecf8427e",
                "experiment.xenium:md5,d41d8cd98f00b204e9800998ecf8427e",
                "gene_panel.json:md5,d41d8cd98f00b204e9800998ecf8427e",
                "metrics_summary.csv:md5,d41d8cd98f00b204e9800998ecf8427e",
                "morphology.ome.tif:md5,d41d8cd98f00b204e9800998ecf8427e",
                "morphology_focus_0000.ome.tif:md5,d41d8cd98f00b204e9800998ecf8427e",
                "nucleus_boundaries.csv.gz:md5,d41d8cd98f00b204e9800998ecf8427e",
                "nucleus_boundaries.parquet:md5,d41d8cd98f00b204e9800998ecf8427e",
                "transcripts.parquet:md5,d41d8cd98f00b204e9800998ecf8427e",
                "transcripts.zarr.zip:md5,d41d8cd98f00b204e9800998ecf8427e"
            ]
        ],
        "timestamp": "2026-08-21T20:09:09.735409159",
        "meta": {
            "nf-test": "0.9.5",
            "nextflow": "26.04.6"
        }
    }
}