{
    "spoqc general": {
        "content": [
            [
                [
                    "SPOQC_GENERAL",
                    "spoqc",
                    "0.1.0"
                ]
            ]
        ],
        "timestamp": "2026-08-12T16:44:00.440795369",
        "meta": {
            "nf-test": "0.9.5",
            "nextflow": "26.04.6"
        }
    },
    "spoqc general stub": {
        "content": [
            [
                [
                    "SPOQC_GENERAL",
                    "spoqc",
                    "0.1.0"
                ]
            ]
        ],
        "timestamp": "2026-08-12T16:44:40.4934454",
        "meta": {
            "nf-test": "0.9.5",
            "nextflow": "26.04.6"
        }
    }
}