{
    "spoqc model": {
        "content": [
            [
                [
                    "SPOQC_MODEL",
                    "spoqc",
                    "0.1.0"
                ]
            ]
        ],
        "timestamp": "2026-08-13T09:44:49.066274033",
        "meta": {
            "nf-test": "0.9.5",
            "nextflow": "26.04.6"
        }
    },
    "spoqc model stub": {
        "content": [
            [
                [
                    "SPOQC_MODEL",
                    "spoqc",
                    "0.1.0"
                ]
            ]
        ],
        "timestamp": "2026-08-13T09:45:27.560109648",
        "meta": {
            "nf-test": "0.9.5",
            "nextflow": "26.04.6"
        }
    }
}