{
    "versions_stub": {
        "content": [
            [
                [
                    "BAYSOR_PREPROCESS_TRANSCRIPTS",
                    "python",
                    "3.14.4"
                ]
            ]
        ],
        "timestamp": "2026-04-29T18:32:45.74436808",
        "meta": {
            "nf-test": "0.9.5",
            "nextflow": "25.10.4"
        }
    },
    "versions": {
        "content": [
            [
                [
                    "BAYSOR_PREPROCESS_TRANSCRIPTS",
                    "python",
                    "3.14.4"
                ]
            ]
        ],
        "timestamp": "2026-04-29T18:32:39.447114547",
        "meta": {
            "nf-test": "0.9.5",
            "nextflow": "25.10.4"
        }
    }
}