{
    "spoqc hqtr_metrices": {
        "content": [
            [
                [
                    "SPOQC_HQTR_METRICES",
                    "spoqc",
                    "0.1.0"
                ]
            ]
        ],
        "timestamp": "2026-08-12T21:44:38.17989478",
        "meta": {
            "nf-test": "0.9.5",
            "nextflow": "26.04.6"
        }
    },
    "spoqc hqtr_metrices stub": {
        "content": [
            [
                [
                    "SPOQC_HQTR_METRICES",
                    "spoqc",
                    "0.1.0"
                ]
            ]
        ],
        "timestamp": "2026-08-12T21:45:02.974116381",
        "meta": {
            "nf-test": "0.9.5",
            "nextflow": "26.04.6"
        }
    }
}