{
    "spoqc void stub": {
        "content": [
            [
                [
                    "SPOQC_VOID",
                    "spoqc",
                    "0.1.0"
                ]
            ]
        ],
        "timestamp": "2026-08-13T09:50:55.405731827",
        "meta": {
            "nf-test": "0.9.5",
            "nextflow": "26.04.6"
        }
    },
    "spoqc void": {
        "content": [
            [
                [
                    "SPOQC_VOID",
                    "spoqc",
                    "0.1.0"
                ]
            ]
        ],
        "timestamp": "2026-08-13T09:50:17.518303623",
        "meta": {
            "nf-test": "0.9.5",
            "nextflow": "26.04.6"
        }
    }
}