{
    "spoqc finalreport": {
        "content": [
            [
                [
                    "SPOQC_FINALREPORT",
                    "spoqc",
                    "0.1.0"
                ]
            ]
        ],
        "timestamp": "2026-08-12T15:33:10.087535508",
        "meta": {
            "nf-test": "0.9.5",
            "nextflow": "26.04.6"
        }
    },
    "spoqc finalreport stub": {
        "content": [
            [
                [
                    "SPOQC_FINALREPORT",
                    "spoqc",
                    "0.1.0"
                ]
            ]
        ],
        "timestamp": "2026-08-12T15:42:10.451965739",
        "meta": {
            "nf-test": "0.9.5",
            "nextflow": "26.04.6"
        }
    }
}