{
    "spoqc hqcr_ident": {
        "content": [
            [
                [
                    "SPOQC_HQCR_IDENT",
                    "spoqc",
                    "0.1.0"
                ]
            ]
        ],
        "timestamp": "2026-08-12T17:00:00.724431163",
        "meta": {
            "nf-test": "0.9.5",
            "nextflow": "26.04.6"
        }
    },
    "spoqc hqcr_ident stub": {
        "content": [
            [
                [
                    "SPOQC_HQCR_IDENT",
                    "spoqc",
                    "0.1.0"
                ]
            ]
        ],
        "timestamp": "2026-08-12T17:01:43.922457923",
        "meta": {
            "nf-test": "0.9.5",
            "nextflow": "26.04.6"
        }
    }
}