{
    "spoqc hqtr_qv stub": {
        "content": [
            [
                [
                    "SPOQC_HQTR_QV",
                    "spoqc",
                    "0.1.0"
                ]
            ]
        ],
        "timestamp": "2026-08-13T09:21:54.759747419",
        "meta": {
            "nf-test": "0.9.5",
            "nextflow": "26.04.6"
        }
    },
    "spoqc hqtr_qv": {
        "content": [
            [
                [
                    "SPOQC_HQTR_QV",
                    "spoqc",
                    "0.1.0"
                ]
            ]
        ],
        "timestamp": "2026-08-13T09:21:29.448859605",
        "meta": {
            "nf-test": "0.9.5",
            "nextflow": "26.04.6"
        }
    }
}