{
    "resolift stub": {
        "content": [
            {
                "0": [
                    [
                        {
                            "id": "test_run"
                        },
                        "morphology.ome.enhanced.tiff:md5,d41d8cd98f00b204e9800998ecf8427e"
                    ]
                ],
                "1": [
                    [
                        "RESOLIFT",
                        "resolift",
                        "1.0"
                    ]
                ],
                "enhanced_tiff": [
                    [
                        {
                            "id": "test_run"
                        },
                        "morphology.ome.enhanced.tiff:md5,d41d8cd98f00b204e9800998ecf8427e"
                    ]
                ],
                "versions_resolift": [
                    [
                        "RESOLIFT",
                        "resolift",
                        "1.0"
                    ]
                ]
            }
        ],
        "timestamp": "2026-03-22T16:00:00.000000000",
        "meta": {
            "nf-test": "0.9.3",
            "nextflow": "25.10.2"
        }
    },
    "resolift tif": {
        "content": [
            {
                "0": [
                    [
                        {
                            "id": "test_run"
                        },
                        "morphology.ome.enhanced.tiff:md5,a9feec67b317d8e5c5c93bc45d5a8763"
                    ]
                ],
                "1": [
                    [
                        "RESOLIFT",
                        "resolift",
                        "1.0"
                    ]
                ],
                "enhanced_tiff": [
                    [
                        {
                            "id": "test_run"
                        },
                        "morphology.ome.enhanced.tiff:md5,a9feec67b317d8e5c5c93bc45d5a8763"
                    ]
                ],
                "versions_resolift": [
                    [
                        "RESOLIFT",
                        "resolift",
                        "1.0"
                    ]
                ]
            }
        ],
        "timestamp": "2026-03-22T16:00:00.000000000",
        "meta": {
            "nf-test": "0.9.3",
            "nextflow": "25.10.2"
        }
    }
}