{
    "spoqc hqpr_celltype": {
        "content": [
            [
                [
                    "SPOQC_HQPR_CELLTYPE",
                    "spoqc",
                    "0.1.0"
                ]
            ]
        ],
        "timestamp": "2026-08-12T17:20:17.854497456",
        "meta": {
            "nf-test": "0.9.5",
            "nextflow": "26.04.6"
        }
    },
    "spoqc hqpr_celltype stub": {
        "content": [
            [
                [
                    "SPOQC_HQPR_CELLTYPE",
                    "spoqc",
                    "0.1.0"
                ]
            ]
        ],
        "timestamp": "2026-08-12T17:22:47.557570783",
        "meta": {
            "nf-test": "0.9.5",
            "nextflow": "26.04.6"
        }
    }
}